{
 "path": "disk:/dd2a9f32-bb17-49c4-906d-1aea96a3e286.png",
 "type": "file",
 "name": "dd2a9f32-bb17-49c4-906d-1aea96a3e286.png",
 "created": "2026-08-25T12:21:24+03:00",
 "modified": "2026-08-25T12:21:24+03:00",
 "size": 2114023,
 "mime_type": "multipart",
 "md5": "9e0176f87f6565a22f78e0f9b39a4d78",
 "sha256": "89f8eb42a35208a17c85036e17237b0aa0657e1841efa6171dc5acbc0dea9e18",
 "media_type": "image",
 "resource_id": "1573541518:e5497efa0d7fce48c3b67eef8af522a2d6ee74ed850fc7d9dd2b47537497c36a",
 "revision": 1787649727078381,
 "comment_ids": {
  "public_resource": "1573541518:e5497efa0d7fce48c3b67eef8af522a2d6ee74ed850fc7d9dd2b47537497c36a",
  "private_resource": "1573541518:e5497efa0d7fce48c3b67eef8af522a2d6ee74ed850fc7d9dd2b47537497c36a"
 },
 "exif": {},
 "antivirus_status": "clean",
 "file": "https://downloader.disk.yandex.ru/disk/dab7e57bd16588f9ff72bb449edb536953b7c9b0e617847f9339efdc0d75790a/6a8d96ff/gwThwhLBKYvLhQCNnqAHip8B7eBjjHssIpMh-I9Ct-oVIsjpQsesQq2je1fMaTLAzGhui4ZCI3qIqVE1cfT_YQ%3D%3D?uid=1573541518&filename=dd2a9f32-bb17-49c4-906d-1aea96a3e286.png&disposition=attachment&hash=&limit=0&content_type=multipart&owner_uid=1573541518&fsize=2114023&hid=03d7263840468e281bd0b238a26e7d0d&media_type=image&tknv=v3&is_direct_zip_experiment=1&etag=9e0176f87f6565a22f78e0f9b39a4d78"
}
