{
 "path": "/",
 "type": "file",
 "name": "d63ab695-14c2-40de-9506-2c5e4f6fedf1.png",
 "created": "2026-08-25T10:51:38+03:00",
 "modified": "2026-08-25T10:51:38+03:00",
 "size": 2114023,
 "mime_type": "multipart",
 "md5": "9e0176f87f6565a22f78e0f9b39a4d78",
 "sha256": "89f8eb42a35208a17c85036e17237b0aa0657e1841efa6171dc5acbc0dea9e18",
 "public_key": "***",
 "public_url": "https://yadi.sk/d/uyCN_DhA36A8Fw",
 "media_type": "image",
 "resource_id": "1573541518:795477a9d876e50427946af9383b8329af477fcbe151bb05a04153c9f099ad75",
 "revision": 1787644335244742,
 "comment_ids": {
  "public_resource": "1573541518:795477a9d876e50427946af9383b8329af477fcbe151bb05a04153c9f099ad75",
  "private_resource": "1573541518:795477a9d876e50427946af9383b8329af477fcbe151bb05a04153c9f099ad75"
 },
 "exif": {},
 "antivirus_status": "clean",
 "file": "https://downloader.disk.yandex.ru/disk/8db65840b31064cc3ee8141376856d61ebbe5a113a669662acd8e1352832b856/6a8d81f1/Kdpe3dFisZLPovVA4r-aBmpkby3AOQiLsayEHYapOMw2ylFGSbZZrsWtGPTvHxG_-QDrqSGFBOOsS3b3gKT1zA%3D%3D?uid=0&filename=d63ab695-14c2-40de-9506-2c5e4f6fedf1.png&disposition=attachment&hash=&limit=0&content_type=multipart&owner_uid=0&fsize=2114023&hid=03d7263840468e281bd0b238a26e7d0d&media_type=image&tknv=v3&is_direct_zip_experiment=1&etag=9e0176f87f6565a22f78e0f9b39a4d78",
 "views_count": 0
}
