{
 "result": {
  "ID": "65378",
  "NAME": "Новое имя файла.jpg",
  "CODE": null,
  "STORAGE_ID": "3",
  "TYPE": "file",
  "PARENT_ID": "3",
  "DELETED_TYPE": "0",
  "GLOBAL_CONTENT_VERSION": "1",
  "FILE_ID": "45470",
  "SIZE": "805189",
  "CREATE_TIME": "2026-08-25T12:19:23+03:00",
  "UPDATE_TIME": "2026-08-25T12:19:56+03:00",
  "DELETE_TIME": "2026-08-25T12:19:53+03:00",
  "CREATED_BY": "1",
  "UPDATED_BY": "1",
  "DELETED_BY": "1",
  "DOWNLOAD_URL": "https://b24-ar17wx.bitrix24.by/rest/download.json?auth=c96a8d6a006e9f06006b12e400000001000007e12fe0b95c9de41055ad39a519ed03b9&token=disk%7CaWQ9NjUzNzgmXz0yNktrT0ZBOUpGbkRPSGxVTXkzYm1xdzM2VDd4bURLeQ%3D%3D%7CImRvd25sb2FkfGRpc2t8YVdROU5qVXpOemdtWHoweU5rdHJUMFpCT1VwR2JrUlBTR3hWVFhrelltMXhkek0yVkRkNGJVUkxlUT09fGM5NmE4ZDZhMDA2ZTlmMDYwMDZiMTJlNDAwMDAwMDAxMDAwMDA3ZTEyZmUwYjk1YzlkZTQxMDU1YWQzOWE1MTllZDAzYjki.7Y%2BPacVWPMZDuQRUW7c1AJplQFM3NTsRyMfMljEjl98%3D",
  "DETAIL_URL": "https://b24-ar17wx.bitrix24.by/docs/file/Новое имя файла.jpg"
 },
 "time": {
  "start": 1787649597,
  "finish": 1787649597.16361,
  "duration": 0.163609027862549,
  "processing": 0,
  "date_start": "2026-08-25T12:19:57+03:00",
  "date_finish": "2026-08-25T12:19:57+03:00",
  "operating_reset_at": 1787650197,
  "operating": 0
 }
}
