{
 "result": {
  "ID": 65342,
  "NAME": "Картинка1.jpg",
  "CODE": null,
  "STORAGE_ID": "3",
  "TYPE": "file",
  "PARENT_ID": "65330",
  "DELETED_TYPE": 0,
  "GLOBAL_CONTENT_VERSION": 1,
  "FILE_ID": 45438,
  "SIZE": "805191",
  "CREATE_TIME": "2026-08-25T10:51:15+03:00",
  "UPDATE_TIME": "2026-08-25T10:51:15+03:00",
  "DELETE_TIME": null,
  "CREATED_BY": "1",
  "UPDATED_BY": "1",
  "DELETED_BY": null,
  "DOWNLOAD_URL": "https://b24-ar17wx.bitrix24.by/rest/download.json?auth=34568d6a006e9f06006b12e400000001000007202c8b98a7c78aaafc1dd1b8b2b644a5&token=disk%7CaWQ9NjUzNDImXz00WkRNenpmUnNqTFVLZWxBSTdKTFVmSTA5WUJmZXAwTA%3D%3D%7CImRvd25sb2FkfGRpc2t8YVdROU5qVXpOREltWHowMFdrUk5lbnBtVW5OcVRGVkxaV3hCU1RkS1RGVm1TVEE1V1VKbVpYQXdUQT09fDM0NTY4ZDZhMDA2ZTlmMDYwMDZiMTJlNDAwMDAwMDAxMDAwMDA3MjAyYzhiOThhN2M3OGFhYWZjMWRkMWI4YjJiNjQ0YTUi.7Ec1dZsu0kqUOFOHL%2FctJeZvZijK9YI4YxQO5p1OS3I%3D",
  "DETAIL_URL": "https://b24-ar17wx.bitrix24.by/docs/file/Новый каталог/Картинка1.jpg"
 }
}
