{
 "result": {
  "ID": 65324,
  "NAME": "Картинка1.jpg",
  "CODE": null,
  "STORAGE_ID": "3",
  "TYPE": "file",
  "PARENT_ID": "3",
  "DELETED_TYPE": 0,
  "GLOBAL_CONTENT_VERSION": 1,
  "FILE_ID": 45432,
  "SIZE": "805189",
  "CREATE_TIME": "2026-08-25T10:50:27+03:00",
  "UPDATE_TIME": "2026-08-25T10:50:27+03:00",
  "DELETE_TIME": null,
  "CREATED_BY": "1",
  "UPDATED_BY": "1",
  "DELETED_BY": null,
  "DOWNLOAD_URL": "https://b24-ar17wx.bitrix24.by/rest/download.json?auth=34568d6a006e9f06006b12e400000001000007202c8b98a7c78aaafc1dd1b8b2b644a5&token=disk%7CaWQ9NjUzMjQmXz00dmNFSldFT1NvOGNROWtYZkJRMDN1TVpNNjdCOTkwMw%3D%3D%7CImRvd25sb2FkfGRpc2t8YVdROU5qVXpNalFtWHowMGRtTkZTbGRGVDFOdk9HTlJPV3RZWmtKUk1ETjFUVnBOTmpkQ09Ua3dNdz09fDM0NTY4ZDZhMDA2ZTlmMDYwMDZiMTJlNDAwMDAwMDAxMDAwMDA3MjAyYzhiOThhN2M3OGFhYWZjMWRkMWI4YjJiNjQ0YTUi.y8ooBrTDm7NnwMT%2Bkoru7b2QCpTiYyd%2FO3evxNyjO%2FM%3D",
  "DETAIL_URL": "https://b24-ar17wx.bitrix24.by/docs/file/Картинка1.jpg"
 },
 "time": {
  "start": 1787644227,
  "finish": 1787644227.92923,
  "duration": 0.929231882095337,
  "processing": 0,
  "date_start": "2026-08-25T10:50:27+03:00",
  "date_finish": "2026-08-25T10:50:27+03:00",
  "operating_reset_at": 1787644827,
  "operating": 0.189200162887573
 }
}
