{
 "result": {
  "FILES": {
   "upload65466": {
    "id": 65466,
    "chatId": "***",
    "date": {},
    "type": "file",
    "name": "Важный документ.docx",
    "extension": "docx",
    "size": 24071,
    "image": false,
    "status": "done",
    "progress": 100,
    "authorId": 1,
    "authorName": "Антон Титовец",
    "urlPreview": "",
    "urlShow": "https://b24-ar17wx.bitrix24.by/bitrix/services/main/ajax.php?action=disk.api.file.download&SITE_ID=s1&humanRE=1&fileId=65466&exact=N&fileName=%D0%92%D0%B0%D0%B6%D0%BD%D1%8B%D0%B9%20%D0%B4%D0%BE%D0%BA%D1%83%D0%BC%D0%B5%D0%BD%D1%82.docx",
    "urlDownload": "https://b24-ar17wx.bitrix24.by/bitrix/services/main/ajax.php?action=disk.api.file.download&SITE_ID=s1&humanRE=1&fileId=65466&exact=N&fileName=%D0%92%D0%B0%D0%B6%D0%BD%D1%8B%D0%B9%20%D0%B4%D0%BE%D0%BA%D1%83%D0%BC%D0%B5%D0%BD%D1%82.docx",
    "viewerAttrs": {
     "viewer": "",
     "viewerType": "cloud-document",
     "src": "https://b24-ar17wx.bitrix24.by/bitrix/services/main/ajax.php?action=disk.api.file.download&SITE_ID=s1&humanRE=1&fileId=65466&exact=N&fileName=%D0%92%D0%B0%D0%B6%D0%BD%D1%8B%D0%B9%20%D0%B4%D0%BE%D0%BA%D1%83%D0%BC%D0%B5%D0%BD%D1%82.docx",
     "viewerTypeClass": "BX.Disk.Viewer.UnifiedLinkItem",
     "viewerSeparateItem": true,
     "viewerExtension": "disk.viewer.unified-link-item",
     "objectId": "65466",
     "imChatId": "***",
     "title": "Важный документ.docx",
     "unifiedLink": "https://b24-ar17wx.bitrix24.by/doc/esTL1bfq6HoR746sr8jI",
     "actions": "[{\"type\":\"download\"},{\"type\":\"copyToMe\",\"text\":\"Сохранить на Диск\",\"action\":\"BXIM.disk.saveToDiskAction\",\"params\":{\"fileId\":\"65466\"},\"extension\":\"disk.viewer.actions\",\"buttonIconClass\":\"ui-btn-icon-cloud\"}]"
    },
    "mediaUrl": {
     "preview": {
      "250": ""
     }
    },
    "isTranscribable": false,
    "isVideoNote": false,
    "isVoiceNote": false
   }
  },
  "DISK_ID": [
   "65466"
  ],
  "FILE_MODELS": {
   "upload65466": {
    "id": 65466,
    "name": "Важный документ.docx",
    "createTime": {},
    "updateTime": {},
    "deleteTime": null,
    "code": null,
    "xmlId": null,
    "storageId": 6,
    "realObjectId": 65466,
    "parentId": 65462,
    "deletedType": 0,
    "createdBy": "1",
    "updatedBy": "1",
    "deletedBy": "0",
    "uniqueCode": "esTL1bfq6HoR746sr8jI",
    "typeFile": 4,
    "globalContentVersion": 2,
    "fileId": 45544,
    "size": 24071,
    "etag": "a82810f499e54d50eb0ea7ee036fda1a",
    "links": {
     "download": "/bitrix/services/main/ajax.php?action=disk.file.download&SITE_ID=s1&fileId=65466&_uls=0c2a85297d43d65a2ccd66128adcc00c21a6c0a9ece840d3658771624738b8d2",
     "showInGrid": "/bitrix/tools/disk/focus.php?objectId=65466&action=showObjectInGrid&ncc=1"
    }
   }
  },
  "MESSAGE_ID": 114916
 },
 "time": {
  "start": 1788283116,
  "finish": 1788283116.12378,
  "duration": 0.123785018920898,
  "processing": 0,
  "date_start": "2026-09-01T20:18:36+03:00",
  "date_finish": "2026-09-01T20:18:36+03:00",
  "operating_reset_at": 1788283716,
  "operating": 0
 }
}
