{
 "result": {
  "ID": "65442",
  "NAME": "Новый подкаталог 2",
  "CODE": null,
  "STORAGE_ID": "3",
  "TYPE": "folder",
  "REAL_OBJECT_ID": "65442",
  "PARENT_ID": 65438,
  "DELETED_TYPE": "0",
  "CREATE_TIME": "2026-09-01T20:16:09+03:00",
  "UPDATE_TIME": "2026-09-01T20:16:12+03:00",
  "DELETE_TIME": null,
  "CREATED_BY": "1",
  "UPDATED_BY": "1",
  "DELETED_BY": "0",
  "DETAIL_URL": "https://b24-ar17wx.bitrix24.by/docs/path/Новый каталог 2/Новый подкаталог 2"
 },
 "time": {
  "start": 1788282985,
  "finish": 1788282985.69202,
  "duration": 0.692023038864136,
  "processing": 0,
  "date_start": "2026-09-01T20:16:25+03:00",
  "date_finish": "2026-09-01T20:16:25+03:00",
  "operating_reset_at": 1788283585,
  "operating": 0
 }
}
