{
 "result": {
  "ID": "65384",
  "NAME": "Новый каталог",
  "CODE": null,
  "STORAGE_ID": "3",
  "TYPE": "folder",
  "REAL_OBJECT_ID": "65384",
  "PARENT_ID": "3",
  "DELETED_TYPE": "0",
  "CREATE_TIME": "2026-08-25T12:19:59+03:00",
  "UPDATE_TIME": "2026-08-25T12:19:59+03:00",
  "DELETE_TIME": null,
  "CREATED_BY": "1",
  "UPDATED_BY": "1",
  "DELETED_BY": "0",
  "DETAIL_URL": "https://b24-ar17wx.bitrix24.by/docs/path/Новый каталог"
 },
 "time": {
  "start": 1787649602,
  "finish": 1787649602.13954,
  "duration": 0.13954496383667,
  "processing": 0,
  "date_start": "2026-08-25T12:20:02+03:00",
  "date_finish": "2026-08-25T12:20:02+03:00",
  "operating_reset_at": 1787650202,
  "operating": 0
 }
}
