{
 "result": {
  "ID": "65378",
  "NAME": "Новое имя файла.jpg",
  "CODE": null,
  "STORAGE_ID": "3",
  "TYPE": "file",
  "PARENT_ID": 65388,
  "DELETED_TYPE": "0",
  "GLOBAL_CONTENT_VERSION": "1",
  "FILE_ID": "45470",
  "SIZE": "805189",
  "CREATE_TIME": "2026-08-25T12:19:23+03:00",
  "UPDATE_TIME": "2026-08-25T12:19:56+03:00",
  "DELETE_TIME": "2026-08-25T12:19:53+03:00",
  "CREATED_BY": "1",
  "UPDATED_BY": "1",
  "DELETED_BY": "1",
  "DOWNLOAD_URL": "https://b24-ar17wx.bitrix24.by/rest/download.json?auth=c96a8d6a006e9f06006b12e400000001000007e12fe0b95c9de41055ad39a519ed03b9&token=disk%7CaWQ9NjUzNzgmXz1BRUcyb0ZyZFhzdGg5TEw2ZDkxOHFHeUFKcVBzZjFURg%3D%3D%7CImRvd25sb2FkfGRpc2t8YVdROU5qVXpOemdtWHoxQlJVY3liMFp5WkZoemRHZzVURXcyWkRreE9IRkhlVUZLY1ZCelpqRlVSZz09fGM5NmE4ZDZhMDA2ZTlmMDYwMDZiMTJlNDAwMDAwMDAxMDAwMDA3ZTEyZmUwYjk1YzlkZTQxMDU1YWQzOWE1MTllZDAzYjki.e9DTiKss61McTN%2B5Q0%2F66jU48efARlFLEJMLdaO7XaE%3D",
  "DETAIL_URL": "https://b24-ar17wx.bitrix24.by/docs/file/Новый каталог/Новый подкаталог/Новое имя файла.jpg"
 },
 "time": {
  "start": 1787649609,
  "finish": 1787649609.20887,
  "duration": 0.208867073059082,
  "processing": 0,
  "date_start": "2026-08-25T12:20:09+03:00",
  "date_finish": "2026-08-25T12:20:09+03:00",
  "operating_reset_at": 1787650209,
  "operating": 0
 }
}
