{
 "result": {
  "ID": "65434",
  "NAME": "Новое имя файла.jpg",
  "CODE": null,
  "STORAGE_ID": "3",
  "TYPE": "file",
  "PARENT_ID": "3",
  "DELETED_TYPE": "3",
  "GLOBAL_CONTENT_VERSION": "1",
  "FILE_ID": "45524",
  "SIZE": "805189",
  "CREATE_TIME": "2026-09-01T20:15:29+03:00",
  "UPDATE_TIME": "2026-09-01T20:15:57+03:00",
  "DELETE_TIME": "2026-09-01T20:15:57+03:00",
  "CREATED_BY": "1",
  "UPDATED_BY": "1",
  "DELETED_BY": "1",
  "DOWNLOAD_URL": "https://b24-ar17wx.bitrix24.by/rest/download.json?auth=1615976a006e9f06006b12e400000001000007e18e64c221f82e0a9ceb62906a68728c&token=disk%7CaWQ9NjU0MzQmXz1GUnVXODdxSk1RMXlhNlFISzM0S3FpQ0ZhQzdLVFBhTw%3D%3D%7CImRvd25sb2FkfGRpc2t8YVdROU5qVTBNelFtWHoxR1VuVlhPRGR4U2sxUk1YbGhObEZJU3pNMFMzRnBRMFpoUXpkTFZGQmhUdz09fDE2MTU5NzZhMDA2ZTlmMDYwMDZiMTJlNDAwMDAwMDAxMDAwMDA3ZTE4ZTY0YzIyMWY4MmUwYTljZWI2MjkwNmE2ODcyOGMi.SeQVWdoZFiLzy%2FIh1vCGmMUTute83XYH%2B7RI8GQrsDs%3D",
  "DETAIL_URL": "https://b24-ar17wx.bitrix24.by/docs/file/Новое имя файла.jpgi17882829579047i"
 },
 "time": {
  "start": 1788282958,
  "finish": 1788282958.87756,
  "duration": 0.877557039260864,
  "processing": 0,
  "date_start": "2026-09-01T20:15:58+03:00",
  "date_finish": "2026-09-01T20:15:58+03:00",
  "operating_reset_at": 1788283558,
  "operating": 0
 }
}
