{
 "result": {
  "ID": "1",
  "XML_ID": "53818298",
  "ACTIVE": true,
  "NAME": "Антон",
  "LAST_NAME": "Титовец",
  "EMAIL": "no-reply@bitrix24.com",
  "LAST_LOGIN": "2026-05-17T21:55:11+03:00",
  "DATE_REGISTER": "2024-02-10T03:00:00+03:00",
  "TIME_ZONE": "Europe/Minsk",
  "IS_ONLINE": "N",
  "TIMESTAMP_X": "25.08.2026 10:54:01",
  "LAST_ACTIVITY_DATE": "2026-05-17 23:27:04",
  "PERSONAL_GENDER": "",
  "PERSONAL_BIRTHDAY": "",
  "PERSONAL_PHOTO": "https://cdn-ru.bitrix24.by/b28528874/main/d7e/d7e99cf556e4ab676463dae2c00ddfbb/a7e0af6899300e3c684caeca5c334d81.jpg",
  "UF_EMPLOYMENT_DATE": "",
  "UF_DEPARTMENT": [
   1,
   638
  ]
 },
 "time": {
  "start": 1787644445,
  "finish": 1787644445.15812,
  "duration": 0.158114910125732,
  "processing": 0,
  "date_start": "2026-08-25T10:54:05+03:00",
  "date_finish": "2026-08-25T10:54:05+03:00",
  "operating_reset_at": 1787645045,
  "operating": 0
 }
}
