{
 "result": [
  {
   "ID": "4374",
   "NAME": "Подчиненное подразделение",
   "SORT": 500,
   "PARENT": "4372",
   "UF_HEAD": "1"
  },
  {
   "ID": "638",
   "NAME": "Подчиненное подразделение",
   "SORT": 500,
   "PARENT": "636",
   "UF_HEAD": "1"
  }
 ],
 "total": 2,
 "time": {
  "start": 1787649791,
  "finish": 1787649791.09633,
  "duration": 0.096329927444458,
  "processing": 0,
  "date_start": "2026-08-25T12:23:11+03:00",
  "date_finish": "2026-08-25T12:23:11+03:00",
  "operating_reset_at": 1787650391,
  "operating": 0
 }
}
