{
 "result": {
  "1": [
   {
    "ID": "5832",
    "NAME": "[Под вопросом]",
    "DATE_FROM": "26.08.2026 10:55:00",
    "DATE_TO": "26.08.2026 11:55:00",
    "DATE_FROM_TS_UTC": "1787720100",
    "DATE_TO_TS_UTC": "1790326500",
    "~USER_OFFSET_FROM": 0,
    "~USER_OFFSET_TO": 0,
    "DT_SKIP_TIME": "N",
    "TZ_FROM": "Europe/Minsk",
    "TZ_TO": "Europe/Minsk",
    "ACCESSIBILITY": "quest",
    "IMPORTANCE": "low",
    "EVENT_TYPE": null
   },
   {
    "ID": "5836",
    "NAME": "[Под вопросом]",
    "DATE_FROM": "26.08.2026 10:55:00",
    "DATE_TO": "26.08.2026 11:55:00",
    "DATE_FROM_TS_UTC": "1787720100",
    "DATE_TO_TS_UTC": "1790326500",
    "~USER_OFFSET_FROM": 0,
    "~USER_OFFSET_TO": 0,
    "DT_SKIP_TIME": "N",
    "TZ_FROM": "Europe/Minsk",
    "TZ_TO": "Europe/Minsk",
    "ACCESSIBILITY": "quest",
    "IMPORTANCE": "low",
    "EVENT_TYPE": null
   }
  ]
 },
 "time": {
  "start": 1787644504,
  "finish": 1787644504.81043,
  "duration": 0.810427904129028,
  "processing": 0,
  "date_start": "2026-08-25T10:55:04+03:00",
  "date_finish": "2026-08-25T10:55:04+03:00",
  "operating_reset_at": 1787645104,
  "operating": 0
 }
}
