{
 "result": {
  "ID": "65330",
  "NAME": "Новый каталог",
  "CODE": null,
  "STORAGE_ID": "3",
  "TYPE": "folder",
  "REAL_OBJECT_ID": "65330",
  "PARENT_ID": "3",
  "DELETED_TYPE": "0",
  "CREATE_TIME": "2026-08-25T10:51:01+03:00",
  "UPDATE_TIME": "2026-08-25T10:51:01+03:00",
  "DELETE_TIME": null,
  "CREATED_BY": "1",
  "UPDATED_BY": "1",
  "DELETED_BY": "0",
  "DETAIL_URL": "https://b24-ar17wx.bitrix24.by/docs/path/Новый каталог"
 },
 "time": {
  "start": 1787644264,
  "finish": 1787644264.76339,
  "duration": 0.763386964797974,
  "processing": 0,
  "date_start": "2026-08-25T10:51:04+03:00",
  "date_finish": "2026-08-25T10:51:04+03:00",
  "operating_reset_at": 1787644864,
  "operating": 0
 }
}
