{
 "result": [
  {
   "ID": "4342",
   "XML_ID": "78462310",
   "ACTIVE": true,
   "NAME": "Олег",
   "LAST_NAME": "Лама",
   "EMAIL": "808daace-a6f9-4c57-9009-1baf3f92e4a5@example.org",
   "LAST_LOGIN": "",
   "DATE_REGISTER": "2026-08-25T03:00:00+03:00",
   "IS_ONLINE": "N",
   "TIMESTAMP_X": {},
   "PERSONAL_GENDER": "",
   "PERSONAL_BIRTHDAY": "",
   "PERSONAL_MOBILE": "88003553535",
   "UF_EMPLOYMENT_DATE": "",
   "UF_DEPARTMENT": [
    7
   ],
   "USER_TYPE": "employee"
  }
 ],
 "total": 1,
 "time": {
  "start": 1787644457,
  "finish": 1787644457.70747,
  "duration": 0.707469940185547,
  "processing": 0,
  "date_start": "2026-08-25T10:54:17+03:00",
  "date_finish": "2026-08-25T10:54:17+03:00",
  "operating_reset_at": 1787645057,
  "operating": 0
 }
}
