{
 "result": [
  {
   "ID": "8976",
   "TASK_ID": "12278",
   "PARENT_ID": 0,
   "CREATED_BY": "1",
   "TITLE": "BX_CHECKLIST_1",
   "SORT_INDEX": "0",
   "IS_COMPLETE": "N",
   "IS_IMPORTANT": "N",
   "TOGGLED_BY": null,
   "TOGGLED_DATE": "",
   "MEMBERS": [],
   "ATTACHMENTS": []
  },
  {
   "ID": "8978",
   "TASK_ID": "12278",
   "PARENT_ID": "8976",
   "CREATED_BY": "1",
   "TITLE": "Новый текст пункта чек-листа",
   "SORT_INDEX": "1",
   "IS_COMPLETE": "N",
   "IS_IMPORTANT": "N",
   "TOGGLED_BY": null,
   "TOGGLED_DATE": "",
   "MEMBERS": [],
   "ATTACHMENTS": []
  }
 ],
 "time": {
  "start": 1787649519,
  "finish": 1787649519.62459,
  "duration": 0.624587059020996,
  "processing": 0,
  "date_start": "2026-08-25T12:18:39+03:00",
  "date_finish": "2026-08-25T12:18:39+03:00",
  "operating_reset_at": 1787650119,
  "operating": 0
 }
}
