{
 "result": {
  "ID": "65434",
  "NAME": "Картинка1.jpg",
  "CODE": null,
  "STORAGE_ID": "3",
  "TYPE": "file",
  "PARENT_ID": "3",
  "DELETED_TYPE": "0",
  "GLOBAL_CONTENT_VERSION": "1",
  "FILE_ID": "45524",
  "SIZE": "805189",
  "CREATE_TIME": "2026-09-01T20:15:29+03:00",
  "UPDATE_TIME": "2026-09-01T20:15:29+03:00",
  "DELETE_TIME": null,
  "CREATED_BY": "1",
  "UPDATED_BY": "1",
  "DELETED_BY": "0",
  "DOWNLOAD_URL": "https://b24-ar17wx.bitrix24.by/rest/download.json?auth=1615976a006e9f06006b12e400000001000007e18e64c221f82e0a9ceb62906a68728c&token=disk%7CaWQ9NjU0MzQmXz0ycHZqa3NwZHRWUWliVDEySjJSN0lLUDdBMDBTczJSYg%3D%3D%7CImRvd25sb2FkfGRpc2t8YVdROU5qVTBNelFtWHoweWNIWnFhM053WkhSV1VXbGlWREV5U2pKU04wbExVRGRCTURCVGN6SlNZZz09fDE2MTU5NzZhMDA2ZTlmMDYwMDZiMTJlNDAwMDAwMDAxMDAwMDA3ZTE4ZTY0YzIyMWY4MmUwYTljZWI2MjkwNmE2ODcyOGMi.5Qc9HL70nCNTF8Pa2rNIAQRuoGtQ%2FySLvOjoTyF5f74%3D",
  "DETAIL_URL": "https://b24-ar17wx.bitrix24.by/docs/file/Картинка1.jpg"
 },
 "time": {
  "start": 1788282933,
  "finish": 1788282933.7037,
  "duration": 0.703699111938476,
  "processing": 0,
  "date_start": "2026-09-01T20:15:33+03:00",
  "date_finish": "2026-09-01T20:15:33+03:00",
  "operating_reset_at": 1788283533,
  "operating": 0
 }
}
