{
 "result": [
  {
   "ID": "65322",
   "NAME": "Картинка2.jpg",
   "CODE": null,
   "STORAGE_ID": "3",
   "TYPE": "file",
   "PARENT_ID": "3",
   "DELETED_TYPE": "0",
   "GLOBAL_CONTENT_VERSION": "1",
   "FILE_ID": "45430",
   "SIZE": "2114023",
   "CREATE_TIME": "2026-08-25T10:50:26+03:00",
   "UPDATE_TIME": "2026-08-25T10:50:26+03:00",
   "DELETE_TIME": null,
   "CREATED_BY": "1",
   "UPDATED_BY": "1",
   "DELETED_BY": "0",
   "DOWNLOAD_URL": "https://b24-ar17wx.bitrix24.by/rest/download.json?auth=34568d6a006e9f06006b12e400000001000007202c8b98a7c78aaafc1dd1b8b2b644a5&token=disk%7CaWQ9NjUzMjImXz1YV0pUaGU4NW5pMGpyeFllb2JlWGV3NDV3QU5vcldZVQ%3D%3D%7CImRvd25sb2FkfGRpc2t8YVdROU5qVXpNakltWHoxWVYwcFVhR1U0Tlc1cE1HcHllRmxsYjJKbFdHVjNORFYzUVU1dmNsZFpWUT09fDM0NTY4ZDZhMDA2ZTlmMDYwMDZiMTJlNDAwMDAwMDAxMDAwMDA3MjAyYzhiOThhN2M3OGFhYWZjMWRkMWI4YjJiNjQ0YTUi.27wKzTG28chZMTychamwQ576xFqW4EEHA2iwXbSoEsc%3D",
   "DETAIL_URL": "https://b24-ar17wx.bitrix24.by/docs/file/Картинка2.jpg"
  },
  {
   "ID": "65324",
   "NAME": "Картинка1.jpg",
   "CODE": null,
   "STORAGE_ID": "3",
   "TYPE": "file",
   "PARENT_ID": "3",
   "DELETED_TYPE": "0",
   "GLOBAL_CONTENT_VERSION": "1",
   "FILE_ID": "45432",
   "SIZE": "805189",
   "CREATE_TIME": "2026-08-25T10:50:27+03:00",
   "UPDATE_TIME": "2026-08-25T10:50:27+03:00",
   "DELETE_TIME": null,
   "CREATED_BY": "1",
   "UPDATED_BY": "1",
   "DELETED_BY": "0",
   "DOWNLOAD_URL": "https://b24-ar17wx.bitrix24.by/rest/download.json?auth=34568d6a006e9f06006b12e400000001000007202c8b98a7c78aaafc1dd1b8b2b644a5&token=disk%7CaWQ9NjUzMjQmXz1MNU5YcE9qN2xhMDBnRWNZTXpwTUYzdG9FbUJRSjNHUg%3D%3D%7CImRvd25sb2FkfGRpc2t8YVdROU5qVXpNalFtWHoxTU5VNVljRTlxTjJ4aE1EQm5SV05aVFhwd1RVWXpkRzlGYlVKUlNqTkhVZz09fDM0NTY4ZDZhMDA2ZTlmMDYwMDZiMTJlNDAwMDAwMDAxMDAwMDA3MjAyYzhiOThhN2M3OGFhYWZjMWRkMWI4YjJiNjQ0YTUi.mOFnonKGkEiZQsnNQdTktrjWic0EfA7k%2FJljU7mYqsE%3D",
   "DETAIL_URL": "https://b24-ar17wx.bitrix24.by/docs/file/Картинка1.jpg"
  }
 ],
 "total": 2,
 "time": {
  "start": 1787644229,
  "finish": 1787644229.7524,
  "duration": 0.752402067184448,
  "processing": 0,
  "date_start": "2026-08-25T10:50:29+03:00",
  "date_finish": "2026-08-25T10:50:29+03:00",
  "operating_reset_at": 1787644829,
  "operating": 0
 }
}
