{
 "result": {
  "ID": "65440",
  "NAME": "Новый каталог",
  "CODE": null,
  "STORAGE_ID": "3",
  "TYPE": "folder",
  "REAL_OBJECT_ID": "65440",
  "PARENT_ID": "3",
  "DELETED_TYPE": "3",
  "CREATE_TIME": "2026-09-01T20:16:02+03:00",
  "UPDATE_TIME": "2026-09-01T20:16:19+03:00",
  "DELETE_TIME": "2026-09-01T20:16:26+03:00",
  "CREATED_BY": "1",
  "UPDATED_BY": "1",
  "DELETED_BY": "1",
  "DETAIL_URL": "https://b24-ar17wx.bitrix24.by/docs/path/Новый каталог"
 },
 "time": {
  "start": 1788282987,
  "finish": 1788282987.26766,
  "duration": 0.267659902572632,
  "processing": 0,
  "date_start": "2026-09-01T20:16:27+03:00",
  "date_finish": "2026-09-01T20:16:27+03:00",
  "operating_reset_at": 1788283587,
  "operating": 0
 }
}
