{
 "result": {
  "ID": "4614",
  "TASK_ID": "12274",
  "USER_ID": "10",
  "COMMENT_TEXT": "Трудозатраты по обработке",
  "SECONDS": "7200",
  "MINUTES": "120",
  "SOURCE": "2",
  "CREATED_DATE": "2026-07-25T10:51:52+03:00",
  "DATE_START": "2026-08-25T10:51:52+03:00",
  "DATE_STOP": "2026-08-25T10:51:52+03:00"
 },
 "time": {
  "start": 1787644314,
  "finish": 1787644314.48853,
  "duration": 0.488528966903686,
  "processing": 0,
  "date_start": "2026-08-25T10:51:54+03:00",
  "date_finish": "2026-08-25T10:51:54+03:00",
  "operating_reset_at": 1787644914,
  "operating": 0
 }
}
