{
 "result": [
  {
   "ID": "4612",
   "TASK_ID": "12274",
   "USER_ID": "1",
   "COMMENT_TEXT": "",
   "SECONDS": "3600",
   "MINUTES": "60",
   "SOURCE": "2",
   "CREATED_DATE": "2026-08-25T10:51:51+03:00",
   "DATE_START": "2026-08-25T10:51:51+03:00",
   "DATE_STOP": "2026-08-25T10:51:51+03:00"
  },
  {
   "ID": "4614",
   "TASK_ID": "12274",
   "USER_ID": "10",
   "COMMENT_TEXT": "Трудозатраты по обработке",
   "SECONDS": "7200",
   "MINUTES": "120",
   "SOURCE": "2",
   "CREATED_DATE": "2026-07-25T10:51:52+03:00",
   "DATE_START": "2026-08-25T10:51:52+03:00",
   "DATE_STOP": "2026-08-25T10:51:52+03:00"
  }
 ],
 "total": 2,
 "time": {
  "start": 1787644315,
  "finish": 1787644315.93268,
  "duration": 0.932677984237671,
  "processing": 0,
  "date_start": "2026-08-25T10:51:55+03:00",
  "date_finish": "2026-08-25T10:51:55+03:00",
  "operating_reset_at": 1787644915,
  "operating": 0
 }
}
