{
 "result": {
  "view": "month",
  "CalendarSelCont": false,
  "SPCalendarSelCont": false,
  "meetSection": "14",
  "crmSection": false,
  "showDeclined": true,
  "denyBusyInvitation": false,
  "collapseOffHours": "N",
  "showWeekNumbers": "N",
  "showTasks": "Y",
  "syncTasks": "N",
  "showCompletedTasks": "N",
  "lastUsedSection": false,
  "sendFromEmail": false,
  "defaultSections": [],
  "syncPeriodPast": 3,
  "syncPeriodFuture": 12,
  "defaultReminders": {
   "fullDay": {
    "type": "daybefore",
    "before": 0,
    "time": 480
   },
   "withTime": {
    "type": "min",
    "count": 15
   }
  },
  "timezoneName": "Europe/Minsk",
  "timezoneOffsetUTC": 10800,
  "timezoneDefaultName": ""
 },
 "time": {
  "start": 1787649866,
  "finish": 1787649866.81986,
  "duration": 0.81985592842102,
  "processing": 0,
  "date_start": "2026-08-25T12:24:26+03:00",
  "date_finish": "2026-08-25T12:24:26+03:00",
  "operating_reset_at": 1787650466,
  "operating": 0
 }
}
