{
 "result": [
  {
   "ID": "65332",
   "NAME": "Новый подкаталог 2",
   "CODE": null,
   "STORAGE_ID": "3",
   "TYPE": "folder",
   "REAL_OBJECT_ID": "65332",
   "PARENT_ID": "65330",
   "DELETED_TYPE": "0",
   "CREATE_TIME": "2026-08-25T10:51:07+03:00",
   "UPDATE_TIME": "2026-08-25T10:51:10+03:00",
   "DELETE_TIME": null,
   "CREATED_BY": "1",
   "UPDATED_BY": "1",
   "DELETED_BY": "0",
   "DETAIL_URL": "https://b24-ar17wx.bitrix24.by/docs/path/Новый каталог/Новый подкаталог 2"
  },
  {
   "ID": "65334",
   "NAME": "Новый подкаталог",
   "CODE": null,
   "STORAGE_ID": "3",
   "TYPE": "folder",
   "REAL_OBJECT_ID": "65334",
   "PARENT_ID": "65330",
   "DELETED_TYPE": "0",
   "CREATE_TIME": "2026-08-25T10:51:08+03:00",
   "UPDATE_TIME": "2026-08-25T10:51:09+03:00",
   "DELETE_TIME": null,
   "CREATED_BY": "1",
   "UPDATED_BY": "1",
   "DELETED_BY": "0",
   "DETAIL_URL": "https://b24-ar17wx.bitrix24.by/docs/path/Новый каталог/Новый подкаталог"
  },
  {
   "ID": "65346",
   "NAME": "Новое имя файла.jpg",
   "CODE": null,
   "STORAGE_ID": "3",
   "TYPE": "file",
   "PARENT_ID": "65330",
   "DELETED_TYPE": "0",
   "GLOBAL_CONTENT_VERSION": "1",
   "FILE_ID": "45442",
   "SIZE": "805189",
   "CREATE_TIME": "2026-08-25T10:51:17+03:00",
   "UPDATE_TIME": "2026-08-25T10:51:17+03:00",
   "DELETE_TIME": null,
   "CREATED_BY": "1",
   "UPDATED_BY": "1",
   "DELETED_BY": "0",
   "DOWNLOAD_URL": "https://b24-ar17wx.bitrix24.by/rest/download.json?auth=34568d6a006e9f06006b12e400000001000007202c8b98a7c78aaafc1dd1b8b2b644a5&token=disk%7CaWQ9NjUzNDYmXz1Qa1dUODVpb0JuRTZLTUo4TlFNa1o4TVA2c0JBZGh4TQ%3D%3D%7CImRvd25sb2FkfGRpc2t8YVdROU5qVXpORFltWHoxUWExZFVPRFZwYjBKdVJUWkxUVW80VGxGTmExbzRUVkEyYzBKQlpHaDRUUT09fDM0NTY4ZDZhMDA2ZTlmMDYwMDZiMTJlNDAwMDAwMDAxMDAwMDA3MjAyYzhiOThhN2M3OGFhYWZjMWRkMWI4YjJiNjQ0YTUi.qN4b2gE%2FyOGxGEWVuGB%2FZxq3xmwiZlnQzPkN5YW2xwE%3D",
   "DETAIL_URL": "https://b24-ar17wx.bitrix24.by/docs/file/Новый каталог/Новое имя файла.jpg"
  }
 ],
 "total": 3,
 "time": {
  "start": 1787644282,
  "finish": 1787644282.26398,
  "duration": 0.263979911804199,
  "processing": 0,
  "date_start": "2026-08-25T10:51:22+03:00",
  "date_finish": "2026-08-25T10:51:22+03:00",
  "operating_reset_at": 1787644882,
  "operating": 0
 }
}
