{
 "result": {
  "ID": "8978",
  "TASK_ID": "12278",
  "PARENT_ID": "8976",
  "CREATED_BY": "1",
  "TITLE": "Новый текст пункта чек-листа",
  "SORT_INDEX": "1",
  "IS_COMPLETE": "N",
  "IS_IMPORTANT": "N",
  "TOGGLED_BY": null,
  "TOGGLED_DATE": "",
  "MEMBERS": [],
  "ATTACHMENTS": []
 },
 "time": {
  "start": 1787649521,
  "finish": 1787649521.80614,
  "duration": 0.806143045425415,
  "processing": 0,
  "date_start": "2026-08-25T12:18:41+03:00",
  "date_finish": "2026-08-25T12:18:41+03:00",
  "operating_reset_at": 1787650121,
  "operating": 0
 }
}
