{
 "result": {
  "list": [
   {
    "id": 148388,
    "createdDate": "2026-09-01T20:13:06+03:00",
    "field": "NEW",
    "value": {
     "from": null,
     "to": null
    },
    "user": {
     "id": 1,
     "name": "Антон",
     "lastName": "Титовец",
     "secondName": "",
     "login": "VKuser657846756"
    }
   },
   {
    "id": 148390,
    "createdDate": "2026-09-01T20:13:11+03:00",
    "field": "START_DATE_PLAN",
    "value": {
     "from": "",
     "to": "1788282786"
    },
    "user": {
     "id": 1,
     "name": "Антон",
     "lastName": "Титовец",
     "secondName": "",
     "login": "VKuser657846756"
    }
   },
   {
    "id": 148392,
    "createdDate": "2026-09-01T20:13:11+03:00",
    "field": "END_DATE_PLAN",
    "value": {
     "from": "",
     "to": "1788296400"
    },
    "user": {
     "id": 1,
     "name": "Антон",
     "lastName": "Титовец",
     "secondName": "",
     "login": "VKuser657846756"
    }
   },
   {
    "id": 148404,
    "createdDate": "2026-09-01T20:13:24+03:00",
    "field": "TITLE",
    "value": {
     "from": "Новая задача",
     "to": "Другой заголовок задачи"
    },
    "user": {
     "id": 1,
     "name": "Антон",
     "lastName": "Титовец",
     "secondName": "",
     "login": "VKuser657846756"
    }
   },
   {
    "id": 148406,
    "createdDate": "2026-09-01T20:13:24+03:00",
    "field": "DESCRIPTION",
    "value": {
     "from": "",
     "to": ""
    },
    "user": {
     "id": 1,
     "name": "Антон",
     "lastName": "Титовец",
     "secondName": "",
     "login": "VKuser657846756"
    }
   },
   {
    "id": 148408,
    "createdDate": "2026-09-01T20:13:24+03:00",
    "field": "PRIORITY",
    "value": {
     "from": "2",
     "to": "1"
    },
    "user": {
     "id": 1,
     "name": "Антон",
     "lastName": "Титовец",
     "secondName": "",
     "login": "VKuser657846756"
    }
   },
   {
    "id": 148412,
    "createdDate": "2026-09-01T20:13:59+03:00",
    "field": "RESPONSIBLE_ID",
    "value": {
     "from": "1",
     "to": "2960"
    },
    "user": {
     "id": 1,
     "name": "Антон",
     "lastName": "Титовец",
     "secondName": "",
     "login": "VKuser657846756"
    }
   },
   {
    "id": 148416,
    "createdDate": "2026-09-01T20:14:03+03:00",
    "field": "STATUS",
    "value": {
     "from": "2",
     "to": "6"
    },
    "user": {
     "id": 1,
     "name": "Антон",
     "lastName": "Титовец",
     "secondName": "",
     "login": "VKuser657846756"
    }
   },
   {
    "id": 148420,
    "createdDate": "2026-09-01T20:14:07+03:00",
    "field": "STATUS",
    "value": {
     "from": "6",
     "to": "5"
    },
    "user": {
     "id": 1,
     "name": "Антон",
     "lastName": "Титовец",
     "secondName": "",
     "login": "VKuser657846756"
    }
   },
   {
    "id": 148424,
    "createdDate": "2026-09-01T20:14:18+03:00",
    "field": "STATUS",
    "value": {
     "from": "5",
     "to": "2"
    },
    "user": {
     "id": 1,
     "name": "Антон",
     "lastName": "Титовец",
     "secondName": "",
     "login": "VKuser657846756"
    }
   },
   {
    "id": 148428,
    "createdDate": "2026-09-01T20:14:22+03:00",
    "field": "STATUS",
    "value": {
     "from": "2",
     "to": "3"
    },
    "user": {
     "id": 1,
     "name": "Антон",
     "lastName": "Титовец",
     "secondName": "",
     "login": "VKuser657846756"
    }
   },
   {
    "id": 148432,
    "createdDate": "2026-09-01T20:14:25+03:00",
    "field": "AUDITORS",
    "value": {
     "from": "",
     "to": "1"
    },
    "user": {
     "id": 1,
     "name": "Антон",
     "lastName": "Титовец",
     "secondName": "",
     "login": "VKuser657846756"
    }
   },
   {
    "id": 148436,
    "createdDate": "2026-09-01T20:14:28+03:00",
    "field": "AUDITORS",
    "value": {
     "from": "1",
     "to": ""
    },
    "user": {
     "id": 1,
     "name": "Антон",
     "lastName": "Титовец",
     "secondName": "",
     "login": "VKuser657846756"
    }
   },
   {
    "id": 148440,
    "createdDate": "2026-09-01T20:14:31+03:00",
    "field": "STATUS",
    "value": {
     "from": "3",
     "to": "2"
    },
    "user": {
     "id": 1,
     "name": "Антон",
     "lastName": "Титовец",
     "secondName": "",
     "login": "VKuser657846756"
    }
   }
  ]
 },
 "time": {
  "start": 1788282874,
  "finish": 1788282874.79345,
  "duration": 0.793447971343994,
  "processing": 0,
  "date_start": "2026-09-01T20:14:34+03:00",
  "date_finish": "2026-09-01T20:14:34+03:00",
  "operating_reset_at": 1788283474,
  "operating": 0
 }
}
