{
 "result": [
  {
   "ID": "5840",
   "PARENT_ID": "5840",
   "ACTIVE": "Y",
   "DELETED": "N",
   "CAL_TYPE": "user",
   "OWNER_ID": "1",
   "NAME": "Новое событие",
   "DATE_FROM": "26.08.2026 12:24:00",
   "DATE_TO": "26.08.2026 13:24:00",
   "ORIGINAL_DATE_FROM": "***",
   "TZ_FROM": "Europe/Minsk",
   "TZ_TO": "Europe/Minsk",
   "TZ_OFFSET_FROM": "10800",
   "TZ_OFFSET_TO": "10800",
   "DATE_FROM_TS_UTC": "1787725450",
   "DATE_TO_TS_UTC": "1790331840",
   "DT_SKIP_TIME": "N",
   "DT_LENGTH": 3600,
   "EVENT_TYPE": null,
   "CREATED_BY": "1",
   "DATE_CREATE": "25.08.2026 12:24:10",
   "TIMESTAMP_X": "25.08.2026 12:24:10",
   "DESCRIPTION": "Описание события",
   "DT_FROM": null,
   "DT_TO": null,
   "PRIVATE_EVENT": "1",
   "ACCESSIBILITY": "quest",
   "IMPORTANCE": "normal",
   "IS_MEETING": true,
   "MEETING_STATUS": "H",
   "MEETING_HOST": "1",
   "MEETING": {
    "HOST_NAME": "Антон Титовец",
    "NOTIFY": true,
    "REINVITE": "***",
    "ALLOW_INVITE": "***",
    "HIDE_GUESTS": true,
    "MEETING_CREATOR": 1,
    "LANGUAGE_ID": "ru",
    "MAIL_FROM": false
   },
   "LOCATION": "Офис",
   "REMIND": [
    {
     "type": "day",
     "count": 1
    }
   ],
   "COLOR": "#230000",
   "TEXT_COLOR": "",
   "RRULE": {
    "FREQ": "DAILY",
    "COUNT": 3,
    "INTERVAL": 10,
    "UNTIL": "05.09.2026",
    "~UNTIL": "05.09.2026",
    "UNTIL_TS": 1788566400
   },
   "EXDATE": "",
   "DAV_XML_ID": "20260826T092400Z-08807e2c3234fec193fdc6045a5fed4d@b24-ar17wx.bitrix24.by",
   "G_EVENT_ID": "",
   "DAV_EXCH_LABEL": "",
   "CAL_DAV_LABEL": "",
   "VERSION": "1",
   "ATTENDEES_CODES": [
    "U1",
    "U10"
   ],
   "RECURRENCE_ID": null,
   "RELATIONS": "",
   "SECTION_ID": "3058",
   "SYNC_STATUS": null,
   "UF_CRM_CAL_EVENT": null,
   "UF_WEBDAV_CAL_EVENT": null,
   "SECTION_DAV_XML_ID": null,
   "DATE_FROM_FORMATTED": "Wed Aug 26 2026 12:24:00",
   "DATE_TO_FORMATTED": "Wed Aug 26 2026 13:24:00",
   "IS_DAYLIGHT_SAVING_TZ": "N",
   "SECT_ID": "3058",
   "OPTIONS": null,
   "ATTENDEE_LIST": [
    {
     "id": 1,
     "entryId": "5840",
     "status": "H"
    },
    {
     "id": 10,
     "entryId": "5842",
     "status": "Q"
    }
   ],
   "COLLAB_ID": null,
   "~RRULE_DESCRIPTION": "каждый 10-й день, от 26.08.2026 до 05.09.2026",
   "attendeesEntityList": [
    {
     "entityId": "user",
     "id": 1
    },
    {
     "entityId": "user",
     "id": 10
    }
   ],
   "~DATE_FROM": "26.08.2026 12:24:00",
   "~DATE_TO": "26.08.2026 13:24:00",
   "RINDEX": 0,
   "~USER_OFFSET_FROM": 0,
   "~USER_OFFSET_TO": 0
  },
  {
   "ID": "5844",
   "PARENT_ID": "5844",
   "ACTIVE": "Y",
   "DELETED": "N",
   "CAL_TYPE": "user",
   "OWNER_ID": "1",
   "NAME": "Новое событие",
   "DATE_FROM": "26.08.2026 12:24:00",
   "DATE_TO": "26.08.2026 13:24:00",
   "ORIGINAL_DATE_FROM": "***",
   "TZ_FROM": "Europe/Minsk",
   "TZ_TO": "Europe/Minsk",
   "TZ_OFFSET_FROM": "10800",
   "TZ_OFFSET_TO": "10800",
   "DATE_FROM_TS_UTC": "1787725450",
   "DATE_TO_TS_UTC": "1790331840",
   "DT_SKIP_TIME": "N",
   "DT_LENGTH": 3600,
   "EVENT_TYPE": null,
   "CREATED_BY": "1",
   "DATE_CREATE": "25.08.2026 12:24:11",
   "TIMESTAMP_X": "25.08.2026 12:24:11",
   "DESCRIPTION": "Описание события",
   "DT_FROM": null,
   "DT_TO": null,
   "PRIVATE_EVENT": "1",
   "ACCESSIBILITY": "quest",
   "IMPORTANCE": "normal",
   "IS_MEETING": true,
   "MEETING_STATUS": "H",
   "MEETING_HOST": "1",
   "MEETING": {
    "HOST_NAME": "Антон Титовец",
    "NOTIFY": true,
    "REINVITE": "***",
    "ALLOW_INVITE": "***",
    "HIDE_GUESTS": true,
    "MEETING_CREATOR": 1,
    "LANGUAGE_ID": "ru",
    "MAIL_FROM": false
   },
   "LOCATION": "Офис",
   "REMIND": [
    {
     "type": "day",
     "count": 1
    }
   ],
   "COLOR": "#230000",
   "TEXT_COLOR": "",
   "RRULE": {
    "FREQ": "DAILY",
    "COUNT": 3,
    "INTERVAL": 10,
    "UNTIL": "05.09.2026",
    "~UNTIL": "05.09.2026",
    "UNTIL_TS": 1788566400
   },
   "EXDATE": "",
   "DAV_XML_ID": "20260826T092400Z-da093e01eed1a4475f221c28ef209105@b24-ar17wx.bitrix24.by",
   "G_EVENT_ID": "",
   "DAV_EXCH_LABEL": "",
   "CAL_DAV_LABEL": "",
   "VERSION": "1",
   "ATTENDEES_CODES": [
    "U1",
    "U10"
   ],
   "RECURRENCE_ID": null,
   "RELATIONS": "",
   "SECTION_ID": "3060",
   "SYNC_STATUS": null,
   "UF_CRM_CAL_EVENT": null,
   "UF_WEBDAV_CAL_EVENT": null,
   "SECTION_DAV_XML_ID": null,
   "DATE_FROM_FORMATTED": "Wed Aug 26 2026 12:24:00",
   "DATE_TO_FORMATTED": "Wed Aug 26 2026 13:24:00",
   "IS_DAYLIGHT_SAVING_TZ": "N",
   "SECT_ID": "3060",
   "OPTIONS": null,
   "ATTENDEE_LIST": [
    {
     "id": 1,
     "entryId": "5844",
     "status": "H"
    },
    {
     "id": 10,
     "entryId": "5846",
     "status": "Q"
    }
   ],
   "COLLAB_ID": null,
   "~RRULE_DESCRIPTION": "каждый 10-й день, от 26.08.2026 до 05.09.2026",
   "attendeesEntityList": [
    {
     "entityId": "user",
     "id": 1
    },
    {
     "entityId": "user",
     "id": 10
    }
   ],
   "~DATE_FROM": "26.08.2026 12:24:00",
   "~DATE_TO": "26.08.2026 13:24:00",
   "RINDEX": 0,
   "~USER_OFFSET_FROM": 0,
   "~USER_OFFSET_TO": 0
  }
 ],
 "time": {
  "start": 1787649858,
  "finish": 1787649858.8265,
  "duration": 0.826504945755005,
  "processing": 0,
  "date_start": "2026-08-25T12:24:18+03:00",
  "date_finish": "2026-08-25T12:24:18+03:00",
  "operating_reset_at": 1787650458,
  "operating": 0
 }
}
