{
 "result": {
  "ID": 65400,
  "NAME": "Новое имя файла.jpg",
  "CODE": null,
  "STORAGE_ID": "3",
  "TYPE": "file",
  "PARENT_ID": "65384",
  "DELETED_TYPE": 0,
  "GLOBAL_CONTENT_VERSION": 1,
  "FILE_ID": 45480,
  "SIZE": "805189",
  "CREATE_TIME": "2026-08-25T12:20:17+03:00",
  "UPDATE_TIME": "2026-08-25T12:20:17+03:00",
  "DELETE_TIME": null,
  "CREATED_BY": "1",
  "UPDATED_BY": "1",
  "DELETED_BY": null,
  "DOWNLOAD_URL": "https://b24-ar17wx.bitrix24.by/rest/download.json?auth=c96a8d6a006e9f06006b12e400000001000007e12fe0b95c9de41055ad39a519ed03b9&token=disk%7CaWQ9NjU0MDAmXz1mUk16OVhmcjBOMzF4cWpQdmdnMlJvVFBWZThsc2xWYw%3D%3D%7CImRvd25sb2FkfGRpc2t8YVdROU5qVTBNREFtWHoxbVVrMTZPVmhtY2pCT016RjRjV3BRZG1kbk1sSnZWRkJXWlRoc2MyeFdZdz09fGM5NmE4ZDZhMDA2ZTlmMDYwMDZiMTJlNDAwMDAwMDAxMDAwMDA3ZTEyZmUwYjk1YzlkZTQxMDU1YWQzOWE1MTllZDAzYjki.MsGBAZUs9128vK34rk6n3V6%2BDMNF1uQhzsriNaRvbNY%3D",
  "DETAIL_URL": "https://b24-ar17wx.bitrix24.by/docs/file/Новый каталог/Новое имя файла.jpg"
 },
 "time": {
  "start": 1787649617,
  "finish": 1787649617.32419,
  "duration": 0.32418704032898,
  "processing": 0,
  "date_start": "2026-08-25T12:20:17+03:00",
  "date_finish": "2026-08-25T12:20:17+03:00",
  "operating_reset_at": 1787650217,
  "operating": 0
 }
}
