{
 "result": {
  "ID": 65390,
  "NAME": "Новый подкаталог",
  "CODE": null,
  "STORAGE_ID": "3",
  "TYPE": "folder",
  "REAL_OBJECT_ID": 65390,
  "PARENT_ID": "65386",
  "DELETED_TYPE": 0,
  "CREATE_TIME": "2026-08-25T12:20:10+03:00",
  "UPDATE_TIME": "2026-08-25T12:20:10+03:00",
  "DELETE_TIME": null,
  "CREATED_BY": "1",
  "UPDATED_BY": "1",
  "DELETED_BY": null,
  "DETAIL_URL": "https://b24-ar17wx.bitrix24.by/docs/path/Новый каталог/Новый подкаталог 2/Новый подкаталог"
 },
 "time": {
  "start": 1787649610,
  "finish": 1787649610.20874,
  "duration": 0.208740949630737,
  "processing": 0,
  "date_start": "2026-08-25T12:20:10+03:00",
  "date_finish": "2026-08-25T12:20:10+03:00",
  "operating_reset_at": 1787650210,
  "operating": 0.139183044433594
 }
}
