{
 "result": {
  "ID": 65334,
  "NAME": "Новый подкаталог",
  "CODE": null,
  "STORAGE_ID": "3",
  "TYPE": "folder",
  "REAL_OBJECT_ID": 65334,
  "PARENT_ID": "65330",
  "DELETED_TYPE": 0,
  "CREATE_TIME": "2026-08-25T10:51:08+03:00",
  "UPDATE_TIME": "2026-08-25T10:51:08+03:00",
  "DELETE_TIME": null,
  "CREATED_BY": "1",
  "UPDATED_BY": "1",
  "DELETED_BY": null,
  "DETAIL_URL": "https://b24-ar17wx.bitrix24.by/docs/path/Новый каталог/Новый подкаталог"
 },
 "time": {
  "start": 1787644268,
  "finish": 1787644268.26949,
  "duration": 0.269485950469971,
  "processing": 0,
  "date_start": "2026-08-25T10:51:08+03:00",
  "date_finish": "2026-08-25T10:51:08+03:00",
  "operating_reset_at": 1787644868,
  "operating": 0
 }
}
