{
 "result": true,
 "data": [
  {
   "_id": "6a8d5dc0eab1e65e313c14cc",
   "arrayField": [
    "A",
    "<<MinKey>>"
   ],
   "binaryField": "<Двоичные данные>",
   "boolField": true,
   "dateField": "2025-11-15T10:55:41Z",
   "docField": {
    "code": "const result = 1",
    "number": 10
   },
   "doubleField": 124.456,
   "int32Field": 10,
   "int64Field": 1000,
   "jsField": "const result = [1, 2, 3].map(x => x * 2).filter(x => x > 3);",
   "maxkeyField": "***",
   "minkeyField": "***",
   "nullField": null,
   "oidField": "63ceed18f71dda7d8cf21e8e",
   "regexpField": "/[a-z]+@[a-z]+\\.[a-z]+/i",
   "stringField": "Текст",
   "symbolField": "Y",
   "tsField": "Timestamp(1787660272, 0)"
  },
  {
   "_id": "6a8d5dc0eab1e65e313c14cb",
   "arrayField": [
    "Значение1",
    "Значение2"
   ],
   "boolField": true,
   "dateField": "2026-08-25T12:17:52Z",
   "docField": {
    "number": 10,
    "text": "Текст"
   },
   "doubleField": 123.456,
   "intField": 200,
   "nullField": null,
   "stringField": "Текст"
  }
 ]
}
