{
 "entity": {
  "uuid": "beb37e75-4bb5-4b2c-99bf-bad4caaa796a",
  "type": 1,
  "number": "f73744d9-0d1c-4a0f-a2bf-118a292dcba7",
  "tariff_code": 139,
  "comment": "Новый заказ",
  "delivery_recipient_cost": {
   "value": 50
  },
  "delivery_recipient_cost_adv": [
   {
    "threshold": 200,
    "sum": 3000
   }
  ],
  "sender": {
   "name": "Петров Петр"
  },
  "recipient": {
   "name": "Иванов Иван",
   "phones": [
    {
     "number": "+79134637228"
    }
   ]
  },
  "from_location": {
   "code": 44,
   "city": "Москва",
   "address": "пр. Ленинградский, д.4"
  },
  "to_location": {
   "code": 270,
   "city": "Новосибирск",
   "address": "ул. Блюхера, 32"
  },
  "services": [
   {
    "code": "SECURE_PACKAGE_A2",
    "parameter": "10"
   }
  ],
  "packages": [
   {
    "number": "bar-001",
    "weight": 4000,
    "length": 10,
    "width": "***",
    "height": 10,
    "comment": "Упаковка",
    "items": [
     {
      "name": "Товар",
      "ware_key": "***",
      "payment": {
       "value": 3000
      },
      "weight": 700,
      "amount": 2,
      "url": "www.item.ru",
      "cost": 300
     }
    ]
   }
  ],
  "statuses": [
   {
    "code": "ACCEPTED",
    "name": "Принят",
    "date_time": "2026-08-25T10:46:28+03:00",
    "city": "Офис СДЭК",
    "deleted": false
   }
  ]
 },
 "requests": [
  {
   "request_uuid": "db740986-765a-4270-a351-b42980c8d55c",
   "type": "CREATE",
   "date_time": "2026-08-25T10:46:28+03:00",
   "state": "ACCEPTED"
  }
 ],
 "related_entities": []
}
