{
 "entity": {
  "uuid": "51d11d2d-e279-43e0-986a-da1822c418ae",
  "orders": [
   {
    "order_uuid": "beb37e75-4bb5-4b2c-99bf-bad4caaa796a"
   }
  ],
  "copy_count": 1,
  "type": "tpl_russia",
  "statuses": [
   {
    "code": "ACCEPTED",
    "name": "Принят",
    "date_time": "2026-08-25T10:47:01+03:00"
   },
   {
    "code": "INVALID",
    "name": "Некорректный запрос",
    "date_time": "2026-08-25T10:47:02+03:00"
   }
  ]
 },
 "requests": [
  {
   "request_uuid": "f3bdd57b-799c-4a57-bfdc-86e86d85c2db",
   "type": "CREATE",
   "date_time": "2026-08-25T10:47:01+03:00",
   "state": "INVALID",
   "errors": [
    {
     "code": "v2_orders_number_is_empty",
     "message": "Entity is empty. All orders are incorrect"
    }
   ],
   "warnings": [
    {
     "code": "v2_order_invalid",
     "message": "Order is invalid beb37e75-4bb5-4b2c-99bf-bad4caaa796a"
    }
   ]
  }
 ],
 "related_entities": []
}
