{
 "entity": {
  "uuid": "70a5d39d-6dda-4590-845b-2f27dc65c935",
  "intake_date": "2026-08-26",
  "intake_time_from": "10:00",
  "intake_time_to": "17:00",
  "name": "Консолидированный груз",
  "weight": 1000,
  "length": 10,
  "width": "***",
  "height": 10,
  "comment": "Комментарий курьеру",
  "sender": {
   "company": "Компания",
   "name": "Иванов Иван",
   "phones": [
    {
     "number": "+79589441654"
    }
   ],
   "passport_requirements_satisfied": "***"
  },
  "from_location": {
   "code": 44,
   "city_uuid": "7e8f36ba-d937-4ce4-8d53-e44177db6469",
   "city": "Москва",
   "fias_guid": "0c5b2444-70a0-4932-980c-b4dc0d3f02b5",
   "country_code": "RU",
   "country": "Россия",
   "region": "Москва",
   "region_code": 81,
   "sub_region": "Москва",
   "longitude": 37.61556,
   "latitude": 55.75222,
   "address": "ул. Блюхера, 32"
  },
  "need_call": false,
  "statuses": [
   {
    "code": "ACCEPTED",
    "name": "Принят",
    "date_time": "2026-08-25T10:48:44+03:00"
   }
  ]
 },
 "requests": [
  {
   "request_uuid": "24628785-219c-4226-aa0c-8838b9b2932a",
   "type": "CREATE",
   "date_time": "2026-08-25T10:48:38+03:00",
   "state": "ACCEPTED"
  }
 ]
}
