{
 "entity": {
  "cdek_number": "1106207236",
  "order_uuid": "a39907bf-fdf4-4611-a9bd-f3ab613bb30a",
  "date": "2026-09-15",
  "time_from": "10:00",
  "time_to": "17:00",
  "comment": "Офис группы компаний",
  "to_location": {
   "code": 270,
   "city": "Новосибирск",
   "fias_guid": "0c5b2444-70a0-4932-980c-b4dc0d3f02b5",
   "kladr_code": "7700000000000",
   "country_code": "RU",
   "region": "Новосибирск",
   "sub_region": "Новосибирск",
   "longitude": 37.6204,
   "latitude": 55.754,
   "address": "ул. Блюхера, 33",
   "postal_code": "109004"
  },
  "uuid": "f6017d76-ac59-4a3f-b7ab-eef7e927877e",
  "statuses": [
   {
    "code": "INVALID",
    "name": "Некорректна",
    "date_time": "2026-09-01T20:14:14+03:00"
   },
   {
    "code": "ACCEPTED",
    "name": "Принята",
    "date_time": "2026-09-01T20:14:13+03:00"
   }
  ]
 },
 "requests": [
  {
   "request_uuid": "ab816a66-bb02-44f4-b828-d1c5fcaa94ac",
   "type": "CREATE",
   "date_time": "2026-09-01T20:14:13+03:00",
   "state": "INVALID",
   "errors": [
    {
     "code": "delivery_date_forbidden",
     "message": "Доставка в указанную дату не осуществляется"
    }
   ]
  }
 ],
 "related_entities": []
}
