{
 "date_intervals": [
  {
   "date": "2026-09-09",
   "time_intervals": [
    {
     "start_time": "09:00:00",
     "end_time": "18:00:00"
    },
    {
     "start_time": "09:00:00",
     "end_time": "14:00:00"
    },
    {
     "start_time": "14:00:00",
     "end_time": "18:00:00"
    },
    {
     "start_time": "18:00:00",
     "end_time": "22:00:00"
    }
   ]
  },
  {
   "date": "2026-09-16",
   "time_intervals": [
    {
     "start_time": "09:00:00",
     "end_time": "18:00:00"
    },
    {
     "start_time": "09:00:00",
     "end_time": "14:00:00"
    },
    {
     "start_time": "14:00:00",
     "end_time": "18:00:00"
    },
    {
     "start_time": "18:00:00",
     "end_time": "22:00:00"
    }
   ]
  },
  {
   "date": "2026-09-23",
   "time_intervals": [
    {
     "start_time": "09:00:00",
     "end_time": "18:00:00"
    },
    {
     "start_time": "09:00:00",
     "end_time": "14:00:00"
    },
    {
     "start_time": "14:00:00",
     "end_time": "18:00:00"
    },
    {
     "start_time": "18:00:00",
     "end_time": "22:00:00"
    }
   ]
  },
  {
   "date": "2026-09-30",
   "time_intervals": [
    {
     "start_time": "09:00:00",
     "end_time": "18:00:00"
    },
    {
     "start_time": "09:00:00",
     "end_time": "14:00:00"
    },
    {
     "start_time": "14:00:00",
     "end_time": "18:00:00"
    },
    {
     "start_time": "18:00:00",
     "end_time": "22:00:00"
    }
   ]
  },
  {
   "date": "2026-10-07",
   "time_intervals": [
    {
     "start_time": "09:00:00",
     "end_time": "18:00:00"
    },
    {
     "start_time": "09:00:00",
     "end_time": "14:00:00"
    },
    {
     "start_time": "14:00:00",
     "end_time": "18:00:00"
    },
    {
     "start_time": "18:00:00",
     "end_time": "22:00:00"
    }
   ]
  },
  {
   "date": "2026-10-14",
   "time_intervals": [
    {
     "start_time": "09:00:00",
     "end_time": "18:00:00"
    },
    {
     "start_time": "09:00:00",
     "end_time": "14:00:00"
    },
    {
     "start_time": "14:00:00",
     "end_time": "18:00:00"
    },
    {
     "start_time": "18:00:00",
     "end_time": "22:00:00"
    }
   ]
  },
  {
   "date": "2026-10-21",
   "time_intervals": [
    {
     "start_time": "09:00:00",
     "end_time": "18:00:00"
    },
    {
     "start_time": "09:00:00",
     "end_time": "14:00:00"
    },
    {
     "start_time": "14:00:00",
     "end_time": "18:00:00"
    },
    {
     "start_time": "18:00:00",
     "end_time": "22:00:00"
    }
   ]
  }
 ]
}
