{
 "title": "Тестовый RSS канал",
 "link": "https://example.com",
 "description": "Описание тестового RSS канала",
 "lastBuildDate": "Tue, 25 Aug 2026 10:44:56 +0000",
 "items": [
  {
   "title": "Первый элемент",
   "description": "Описание первого элемента",
   "link": "https://example.com/item1",
   "pubDate": "Tue, 25 Aug 2026 10:44:56 +0000",
   "author": "test@example.com",
   "guid": "item-1"
  },
  {
   "title": "Второй элемент",
   "description": "Описание второго элемента",
   "link": "https://example.com/item2",
   "pubDate": "Tue, 25 Aug 2026 10:44:56 +0000",
   "author": "test@example.com",
   "guid": "item-2"
  }
 ]
}
