[
 {
  "messageID": "3EB0A925807B98A2937ADC",
  "type": "sendMessage",
  "body": {
   "chatId": "***",
   "message": "Новое сообщение",
   "archive": false,
   "linkPreview": true,
   "typingTime": null,
   "typePreview": "small"
  }
 },
 {
  "messageID": "3EB083150700D9A0379EBD",
  "type": "sendMessage",
  "body": {
   "chatId": "***",
   "message": "Новое сообщение",
   "quotedMessageId": "3EB0A925807B98A2937ADC",
   "archive": false,
   "linkPreview": true,
   "typingTime": null,
   "typePreview": "small"
  }
 },
 {
  "messageID": "3EB093AD48957DE6D78BAC",
  "type": "sendFileByUrl",
  "body": {
   "fileName": "photo.jpg",
   "chatId": "***",
   "caption": "Описание файла",
   "archive": false,
   "typingType": "recording",
   "urlFile": "https://do-mediaout-7105.fra1.digitaloceanspaces.com/7105187566/2539de30-9461-4242-a6a0-0559070da5f2.jpg",
   "typingTime": null
  }
 },
 {
  "messageID": "3EB020C9380ACFE8C18306",
  "type": "sendFileByUrl",
  "body": {
   "fileName": "vid.mp4",
   "chatId": "***",
   "quotedMessageId": "3EB093AD48957DE6D78BAC",
   "caption": "Описание файла",
   "archive": false,
   "typingType": "recording",
   "urlFile": "https://do-mediaout-7105.fra1.digitaloceanspaces.com/7105187566/19e5252c-a9cb-47bc-83fe-ee7aba895784.mp4",
   "typingTime": null
  }
 },
 {
  "messageID": "3EB0EC66CFEEF91EAE043D",
  "type": "sendFileByUrl",
  "body": {
   "chatId": "***",
   "urlFile": "https://releases.openintegrations.dev/test_data/picture.jpg",
   "fileName": "photo.jpg",
   "caption": "Описание файла",
   "typingTime": null,
   "typingType": "composing"
  }
 },
 {
  "messageID": "3EB097F4C4E280B2B1E00A",
  "type": "sendFileByUrl",
  "body": {
   "chatId": "***",
   "urlFile": "https://releases.openintegrations.dev/test_data/video.mp4",
   "fileName": "vid.mp4",
   "caption": "Описание файла",
   "quotedMessageId": "3EB0EC66CFEEF91EAE043D",
   "typingTime": null,
   "typingType": "composing"
  }
 },
 {
  "messageID": "3EB0084D32FA61EB71F54A",
  "type": "sendPoll",
  "body": {
   "chatId": "***",
   "message": "Какой ваш любимый цвет?",
   "options": [
    {
     "optionName": "Красный"
    },
    {
     "optionName": "Желтый"
    },
    {
     "optionName": "Зеленый"
    }
   ],
   "multipleAnswers": false,
   "archive": false,
   "typingTime": null
  }
 },
 {
  "messageID": "3EB0A0F811CC08CA503FC7",
  "type": "sendPoll",
  "body": {
   "chatId": "***",
   "message": "Какой ваш любимый цвет?",
   "options": [
    {
     "optionName": "Красный"
    },
    {
     "optionName": "Желтый"
    },
    {
     "optionName": "Зеленый"
    }
   ],
   "multipleAnswers": true,
   "quotedMessageId": "3EB0084D32FA61EB71F54A",
   "archive": false,
   "typingTime": null
  }
 },
 {
  "messageID": "3EB0B77881A45CD96D55BC",
  "type": "sendLocation",
  "body": {
   "chatId": "***",
   "latitude": 53.908522,
   "longitude": 27.574821,
   "address": "Площадь Победы, Минск",
   "nameLocation": "пл. Победы",
   "archive": false,
   "typingTime": null
  }
 },
 {
  "messageID": "3EB04BE1172980A2E6283F",
  "type": "sendLocation",
  "body": {
   "chatId": "***",
   "quotedMessageId": "3EB0B77881A45CD96D55BC",
   "latitude": 53.908522,
   "longitude": 27.574821,
   "archive": false,
   "typingTime": null
  }
 },
 {
  "messageID": "3EB0E964DD122ED97603FD",
  "type": "sendContact",
  "body": {
   "chatId": "***",
   "contact": {
    "phoneContact": "***",
    "firstName": "Артем",
    "middleName": "Евпаторийский",
    "lastName": "Петрович",
    "company": "Велосипед"
   },
   "archive": false,
   "typingTime": null
  }
 },
 {
  "messageID": "3EB056275FE72A1C8F08CC",
  "type": "sendContact",
  "body": {
   "chatId": "***",
   "contact": {
    "phoneContact": "***",
    "company": "Велосипед"
   },
   "quotedMessageId": "3EB0E964DD122ED97603FD",
   "archive": false,
   "typingTime": null
  }
 },
 {
  "messagesIDs": [
   "3EB0DFB546641568FEA600"
  ],
  "type": "ForwardMessages",
  "body": {
   "chatId": "***",
   "chatIdFrom": "***",
   "messages": [
    "3EB0A925807B98A2937ADC"
   ],
   "typingTime": null
  }
 },
 {
  "messageID": "3EB0F7A2EE5380A38E0E21",
  "type": "editMessage",
  "body": {
   "chatId": "***",
   "idMessage": "3EB0A925807B98A2937ADC",
   "message": "Новый текст сообщения",
   "linkPreview": true,
   "typingTime": null
  }
 }
]
