{
 "args": {},
 "data": "",
 "files": {
  "file1": "..."
 },
 "form": {
  "Поле1": "Текст",
  "Поле2": "10"
 },
 "headers": {
  "Accept": "*/*",
  "Accept-Charset": "utf-8",
  "Accept-Encoding": "gzip",
  "Connection": "Keep-Alive",
  "Content-Length": "2114384",
  "Content-Type": "multipart/form-data; boundary=161d5167903a45ab9983c8b04dec3a89",
  "Host": "bin.openintegrations.dev",
  "Max-Forwards": "10",
  "User-Agent": "1Script v$2.0.1.0",
  "X-Arr-Log-Id": "975d1747-3903-4763-bf2a-e4f530fe2bf5",
  "X-Arr-Ssl": "2048|256|C=BE, O=GlobalSign nv-sa, CN=GlobalSign GCC R6 AlphaSSL CA 2025|CN=*.openintegrations.dev",
  "X-Forwarded-Host": "bin.openintegrations.dev",
  "X-Original-Url": "***"
 },
 "json": null,
 "origin": "***",
 "url": "https://bin.openintegrations.dev/post"
}
