{
 "args": {},
 "headers": {
  "Accept": "*/*",
  "Accept-Charset": "utf-8",
  "Accept-Encoding": "gzip",
  "Authorization": "OAuth oauth_consumer_key=\"***\",oauth_token=\"***\",oauth_signature_method=\"HMAC-SHA256\",oauth_timestamp=\"1787651361\",oauth_nonce=\"1787651361\",oauth_version=\"1.0\",oauth_signature=%2BNnW9AXjs28qUD3wZ3yj2wcjs2x%2F92H2HUS7OtBwXxQ%3D",
  "Connection": "Keep-Alive",
  "Content-Length": "0",
  "Host": "bin.openintegrations.dev",
  "Max-Forwards": "10",
  "User-Agent": "1Script v$2.0.1.0",
  "X-Arr-Log-Id": "db780033-7c42-4ccd-9930-f0f87cd52cd6",
  "X-Arr-Ssl": "2048|256|C=BE, O=GlobalSign nv-sa, CN=GlobalSign GCC R6 AlphaSSL CA 2025|CN=*.openintegrations.dev",
  "X-Forwarded-Host": "bin.openintegrations.dev",
  "X-Original-Url": "***"
 },
 "origin": "***",
 "url": "https://bin.openintegrations.dev/get"
}
