{
 "args": {},
 "headers": {
  "Accept": "*/*",
  "Accept-Charset": "utf-8",
  "Accept-Encoding": "gzip",
  "Authorization": "AWS4-HMAC-SHA256 Credential=AccessKey/20260825/Region/s3/aws4_request, SignedHeaders=host;x-amz-content-sha256;x-amz-date, Signature=fe77d35724861e8b304b40a500ac2482f6341f6a4643cbb5d64cbca8283130fe",
  "Connection": "Keep-Alive",
  "Content-Length": "0",
  "Host": "bin.openintegrations.dev",
  "Max-Forwards": "10",
  "User-Agent": "1Script v$2.0.1.0",
  "X-Amz-Content-Sha256": "e3b0c44298fc1c149afbf4c8996fb92427ae41e4649b934ca495991b7852b855",
  "X-Amz-Date": "20260825T074920Z",
  "X-Arr-Log-Id": "1e5cf0ad-499a-44ee-96e8-0af064d8ea23",
  "X-Arr-Ssl": "2048|256|C=BE, O=GlobalSign nv-sa, CN=GlobalSign GCC R6 AlphaSSL CA 2025|CN=*.openintegrations.dev",
  "X-Forwarded-Host": "bin.openintegrations.dev",
  "X-Original-Url": "***"
 },
 "origin": "***",
 "url": "https://bin.openintegrations.dev/get"
}
