{
 "args": {},
 "data": "--3f088ea1036e4c99bea27d18c8408c0d\r\nContent-Type: application/json; charset=UTF-8\r\n\r\n{\r\n \"Поле1\": 10,\r\n \"Поле2\": \"Текст\",\r\n \"Поле3\": [\r\n  \"A\",\r\n  \"B\",\r\n  \"C\"\r\n ]\r\n}\r\n\r\n--3f088ea1036e4c99bea27d18c8408c0d--\r\n",
 "files": {},
 "form": {},
 "headers": {
  "Accept": "*/*",
  "Accept-Charset": "utf-8",
  "Accept-Encoding": "gzip",
  "Connection": "Keep-Alive",
  "Content-Length": "223",
  "Content-Type": "multipart/related; boundary=3f088ea1036e4c99bea27d18c8408c0d",
  "Host": "bin.openintegrations.dev",
  "Max-Forwards": "10",
  "User-Agent": "1Script v$2.0.1.0",
  "X-Arr-Log-Id": "cf0b5d47-b7f6-467d-a2f9-e83f3ea68753",
  "X-Arr-Ssl": "2048|256|C=BE, O=GlobalSign nv-sa, CN=GlobalSign GCC R6 AlphaSSL CA 2025|CN=*.openintegrations.dev",
  "X-Forwarded-Host": "bin.openintegrations.dev",
  "X-Original-Url": "***"
 },
 "json": null,
 "origin": "***",
 "url": "https://bin.openintegrations.dev/post"
}
