{
 "args": {},
 "data": "",
 "files": {
  "file1": "..."
 },
 "form": {
  "field1": "Текст",
  "field2": "10"
 },
 "headers": {
  "Accept": "*/*",
  "Accept-Charset": "utf-8",
  "Accept-Encoding": "gzip",
  "Authorization": "OAuth oauth_consumer_key=\"***\",oauth_token=\"***\",oauth_signature_method=\"HMAC-SHA256\",oauth_timestamp=\"1788289988\",oauth_nonce=\"1788289988\",oauth_version=\"1.0\",oauth_signature=DpVarDUYOohOc9qWeB9bcSy0gSMq8bxRGdzl51qRP6s%3D",
  "Connection": "Keep-Alive",
  "Content-Length": "2114378",
  "Content-Type": "multipart/form-data; boundary=6d7765934932474caed30193f4342ee3",
  "Host": "bin.openintegrations.dev",
  "Max-Forwards": "10",
  "User-Agent": "1Script v$2.0.1.0",
  "X-Arr-Log-Id": "12c8c82d-68d1-4a64-91a8-1b4b8ae68e4d",
  "X-Arr-Ssl": "2048|256|C=BE, O=GlobalSign nv-sa, CN=GlobalSign GCC R6 AlphaSSL CA 2025|CN=*.openintegrations.dev",
  "X-Forwarded-Host": "bin.openintegrations.dev",
  "X-Original-Url": "***"
 },
 "json": null,
 "origin": "***",
 "url": "https://bin.openintegrations.dev/post"
}
