{
 "args": {},
 "data": "# Привет мир!",
 "files": {},
 "form": {},
 "headers": {
  "Accept": "*/*",
  "Accept-Charset": "utf-8",
  "Accept-Encoding": "gzip",
  "Connection": "Keep-Alive",
  "Content-Length": "22",
  "Content-Type": "text/markdown",
  "Host": "bin.openintegrations.dev",
  "Max-Forwards": "10",
  "User-Agent": "1Script v$2.0.1.0",
  "X-Arr-Log-Id": "848fa541-4313-4d36-9880-ca2d22ded4ae",
  "X-Arr-Ssl": "2048|256|C=BE, O=GlobalSign nv-sa, CN=GlobalSign GCC R6 AlphaSSL CA 2025|CN=*.openintegrations.dev",
  "X-Forwarded-Host": "bin.openintegrations.dev",
  "X-Original-Url": "***"
 },
 "json": null,
 "origin": "***",
 "url": "https://bin.openintegrations.dev/post"
}
