{
 "args": {},
 "headers": {
  "Accept": "*/*",
  "Accept-Charset": "utf-8",
  "Accept-Encoding": "gzip",
  "Authorization": "OAuth oauth_consumer_key=\"***\",oauth_token=\"***\",oauth_signature_method=\"HMAC-SHA1\",oauth_timestamp=\"1787656723\",oauth_nonce=\"1787656723\",oauth_version=\"1.0\",oauth_signature=QkZeN8eOqn6UmSUmjlQZuA5mNeI%3D",
  "Connection": "Keep-Alive",
  "Content-Length": "0",
  "Host": "bin.openintegrations.dev",
  "Max-Forwards": "10",
  "User-Agent": "1Script v$2.0.1.0",
  "X-Arr-Log-Id": "17feeb24-90ab-4df9-be05-da483258c0dc",
  "X-Arr-Ssl": "2048|256|C=BE, O=GlobalSign nv-sa, CN=GlobalSign GCC R6 AlphaSSL CA 2025|CN=*.openintegrations.dev",
  "X-Forwarded-Host": "bin.openintegrations.dev",
  "X-Original-Url": "***"
 },
 "origin": "***",
 "url": "https://bin.openintegrations.dev/get"
}
