{
 "ok": true,
 "file": {
  "id": "F0BU9HSL449",
  "created": 1788282862,
  "timestamp": 1788282862,
  "mimetype": "application/vnd.slack-remote",
  "filetype": "remote",
  "pretty_type": "Remote",
  "user": "U06UG1CAYH2",
  "user_team": "T06UD92BS3C",
  "editable": false,
  "size": 0,
  "mode": "external",
  "is_external": true,
  "external_type": "app",
  "is_public": false,
  "public_url_shared": false,
  "display_as_bot": false,
  "username": "",
  "name": "Novyj_fajl",
  "title": "Новый файл",
  "is_modified_by_ai": false,
  "external_id": "d9a77510-5436-40f4-ad38-4c70f191b8de",
  "external_url": "https://releases.openintegrations.dev/test_data/document.docx",
  "url_private": "https://releases.openintegrations.dev/test_data/document.docx",
  "media_display_type": "unknown",
  "permalink": "https://openintegrationsgroup.slack.com/files/U06UG1CAYH2/F0BU9HSL449/novyj_fajl",
  "comments_count": 0,
  "is_starred": false,
  "shares": {},
  "channels": [],
  "groups": [],
  "ims": [],
  "has_more_shares": false,
  "app_id": "A06TYNH45RV",
  "app_provides_file_work_objects": false,
  "has_rich_preview": false,
  "file_access": "visible"
 }
}
