{
 "ok": true,
 "files": [
  {
   "id": "F0BSDL03F45",
   "created": 1787649489,
   "timestamp": 1787649489,
   "mimetype": "",
   "filetype": "",
   "pretty_type": "",
   "user": "U06UG1CAYH2",
   "user_team": "T06UD92BS3C",
   "editable": false,
   "size": 24069,
   "mode": "hosted",
   "is_external": false,
   "external_type": "",
   "is_public": false,
   "public_url_shared": false,
   "display_as_bot": false,
   "username": "",
   "name": "megadoc.docx",
   "title": "Новый файл",
   "is_modified_by_ai": false,
   "url_private": "https://files.slack.com/files-pri/T06UD92BS3C-F0BSDL03F45/megadoc.docx",
   "url_private_download": "https://files.slack.com/files-pri/T06UD92BS3C-F0BSDL03F45/download/megadoc.docx",
   "media_display_type": "unknown",
   "permalink": "https://openintegrationsgroup.slack.com/files/U06UG1CAYH2/F0BSDL03F45/megadoc.docx",
   "permalink_public": "https://slack-files.com/T06UD92BS3C-F0BSDL03F45-27447b5e2c",
   "comments_count": 0,
   "is_starred": false,
   "shares": {},
   "channels": [],
   "groups": [],
   "ims": [],
   "has_more_shares": false,
   "has_rich_preview": false,
   "file_access": "visible"
  }
 ]
}
