{
 "ok": true,
 "file": {
  "id": "F0BSFJVED2A",
  "created": 1787649524,
  "timestamp": 1787649524,
  "mimetype": "application/vnd.slack-remote",
  "filetype": "remote",
  "pretty_type": "Remote",
  "user": "U06UG1CAYH2",
  "user_team": "T06UD92BS3C",
  "editable": false,
  "size": 0,
  "mode": "external",
  "is_external": true,
  "external_type": "app",
  "is_public": true,
  "public_url_shared": false,
  "display_as_bot": false,
  "username": "",
  "name": "Novyj_fajl",
  "title": "Новый файл",
  "is_modified_by_ai": false,
  "external_id": "5d08e5f0-2b8a-4660-9f25-a1a938d9bc0b",
  "external_url": "https://releases.openintegrations.dev/test_data/document.docx",
  "url_private": "https://releases.openintegrations.dev/test_data/document.docx",
  "media_display_type": "unknown",
  "permalink": "https://openintegrationsgroup.slack.com/files/U06UG1CAYH2/F0BSFJVED2A/novyj_fajl",
  "comments_count": 0,
  "is_starred": false,
  "shares": {
   "public": {
    "C06UFNUTKUL": [
     {
      "ts": "1787649527.311119",
      "channel_name": "slack-api-librarry",
      "team_id": "T06UD92BS3C",
      "share_user_id": "U06UG1CAYH2",
      "source": "UNKNOWN",
      "is_silent_share": false,
      "reply_users": [],
      "reply_users_count": 0,
      "reply_count": 0
     }
    ]
   }
  },
  "channels": [
   "C06UFNUTKUL"
  ],
  "groups": [],
  "ims": [],
  "has_more_shares": false,
  "app_id": "A06TYNH45RV",
  "app_provides_file_work_objects": false,
  "has_rich_preview": false,
  "file_access": "visible"
 }
}
