{
 "ok": true,
 "channel": {
  "id": "C0BSB9KSA9Z",
  "created": 1787649373,
  "creator": "U06UG1CAYH2",
  "is_org_shared": false,
  "is_im": false,
  "context_team_id": "T06UD92BS3C",
  "updated": 1787649389321,
  "name": "testconva081bf5c-547c-4963-80c6-053dd9443856",
  "name_normalized": "testconva081bf5c-547c-4963-80c6-053dd9443856",
  "is_channel": true,
  "is_group": false,
  "is_mpim": false,
  "is_private": false,
  "is_archived": false,
  "is_general": false,
  "is_shared": false,
  "is_ext_shared": false,
  "unlinked": 0,
  "is_pending_ext_shared": false,
  "pending_shared": [],
  "parent_conversation": null,
  "purpose": {
   "value": "Тестовая цель",
   "creator": "U06UG1CAYH2",
   "last_set": 1787649377
  },
  "topic": {
   "value": "Тестовая тема",
   "creator": "U06UG1CAYH2",
   "last_set": 1787649375
  },
  "shared_team_ids": [
   "T06UD92BS3C"
  ],
  "pending_connected_team_ids": [],
  "is_member": true,
  "last_read": "1787649381.357369",
  "previous_names": [
   "testconvecb032cc-1361-4509-b662-f20956ce793f"
  ]
 }
}
