{
 "ok": true,
 "file": {
  "id": "F0BU1D2LTLK",
  "created": 1788282836,
  "timestamp": 1788282836,
  "mimetype": "application/vnd.openxmlformats-officedocument.wordprocessingml.document",
  "filetype": "docx",
  "pretty_type": "Word Document",
  "user": "U06UG1CAYH2",
  "user_team": "T06UD92BS3C",
  "editable": false,
  "size": 24069,
  "mode": "hosted",
  "is_external": false,
  "external_type": "",
  "is_public": false,
  "public_url_shared": false,
  "display_as_bot": false,
  "username": "",
  "name": "megadoc.docx",
  "title": "Новый файл",
  "is_modified_by_ai": false,
  "url_private": "https://files.slack.com/files-pri/T06UD92BS3C-F0BU1D2LTLK/megadoc.docx",
  "url_private_download": "https://files.slack.com/files-pri/T06UD92BS3C-F0BU1D2LTLK/download/megadoc.docx",
  "media_display_type": "unknown",
  "converted_pdf": "https://files.slack.com/files-tmb/T06UD92BS3C-F0BU1D2LTLK-5cd299d7eb/megadoc_converted.pdf",
  "thumb_pdf": "https://files.slack.com/files-tmb/T06UD92BS3C-F0BU1D2LTLK-5cd299d7eb/megadoc_thumb_pdf.png",
  "thumb_pdf_w": 909,
  "thumb_pdf_h": 1286,
  "permalink": "https://openintegrationsgroup.slack.com/files/U06UG1CAYH2/F0BU1D2LTLK/megadoc.docx",
  "permalink_public": "https://slack-files.com/T06UD92BS3C-F0BU1D2LTLK-02460e12ed",
  "is_starred": false,
  "shares": {},
  "channels": [],
  "groups": [],
  "ims": [],
  "has_more_shares": false,
  "has_rich_preview": false,
  "file_access": "visible",
  "comments_count": 0
 },
 "comments": [],
 "response_metadata": {
  "next_cursor": ""
 }
}
