{
 "ok": true,
 "messages": [
  {
   "subtype": "channel_join",
   "user": "U06UABH3APP",
   "text": "<@U06UABH3APP> has joined the channel",
   "inviter": "***",
   "type": "message",
   "ts": "1788282736.042509"
  },
  {
   "subtype": "channel_purpose",
   "user": "U06UG1CAYH2",
   "purpose": "Тестовая цель",
   "text": "set the channel description: Тестовая цель",
   "type": "message",
   "ts": "1788282728.223269"
  },
  {
   "subtype": "channel_topic",
   "user": "U06UG1CAYH2",
   "topic": "Тестовая тема",
   "text": "set the channel topic: Тестовая тема",
   "type": "message",
   "ts": "1788282724.186969"
  },
  {
   "subtype": "channel_join",
   "user": "U06UG1CAYH2",
   "text": "<@U06UG1CAYH2> has joined the channel",
   "type": "message",
   "ts": "1788282719.477649"
  }
 ],
 "has_more": false,
 "is_limited": false,
 "pin_count": 0,
 "channel_actions_ts": null,
 "channel_actions_count": 0
}
