{
 "ok": true,
 "channel": {
  "id": "C0BS1FURGTZ",
  "created": 1787643995,
  "creator": "U06UG1CAYH2",
  "is_org_shared": false,
  "is_im": false,
  "context_team_id": "T06UD92BS3C",
  "updated": 1787644000163,
  "name": "testconve88e6b54-1b42-4b73-8a4c-85ee768b9a0f",
  "name_normalized": "testconve88e6b54-1b42-4b73-8a4c-85ee768b9a0f",
  "is_channel": true,
  "is_group": false,
  "is_mpim": false,
  "is_private": false,
  "is_archived": false,
  "is_general": false,
  "is_shared": false,
  "is_ext_shared": false,
  "unlinked": 0,
  "is_pending_ext_shared": false,
  "pending_shared": [],
  "parent_conversation": null,
  "purpose": {
   "value": "Тестовая цель",
   "creator": "U06UG1CAYH2",
   "last_set": 1787644000
  },
  "topic": {
   "value": "Тестовая тема",
   "creator": "U06UG1CAYH2",
   "last_set": 1787643998
  },
  "shared_team_ids": [
   "T06UD92BS3C"
  ],
  "pending_connected_team_ids": [],
  "is_member": true,
  "last_read": "0000000000.000000",
  "previous_names": []
 }
}
