{
 "ok": true,
 "channel": {
  "id": "C0BU1CL3EUT",
  "created": 1788282719,
  "creator": "U06UG1CAYH2",
  "is_org_shared": false,
  "is_im": false,
  "context_team_id": "T06UD92BS3C",
  "updated": 1788282728178,
  "name": "testconvbf14da0a-fdc8-47be-a12e-16098bb199b5",
  "name_normalized": "testconvbf14da0a-fdc8-47be-a12e-16098bb199b5",
  "is_channel": true,
  "is_group": false,
  "is_mpim": false,
  "is_private": false,
  "is_archived": false,
  "is_general": false,
  "is_shared": false,
  "is_ext_shared": false,
  "unlinked": 0,
  "is_pending_ext_shared": false,
  "pending_shared": [],
  "parent_conversation": null,
  "purpose": {
   "value": "Тестовая цель",
   "creator": "U06UG1CAYH2",
   "last_set": 1788282728
  },
  "topic": {
   "value": "Тестовая тема",
   "creator": "U06UG1CAYH2",
   "last_set": 1788282724
  },
  "shared_team_ids": [
   "T06UD92BS3C"
  ],
  "pending_connected_team_ids": [],
  "is_member": true,
  "last_read": "0000000000.000000",
  "previous_names": []
 }
}
