{
 "ok": true,
 "channel": {
  "id": "C0BSB9KSA9Z",
  "created": 1787649373,
  "creator": "U06UG1CAYH2",
  "is_org_shared": false,
  "is_im": false,
  "context_team_id": "T06UD92BS3C",
  "updated": 1787649373047,
  "name": "testconvecb032cc-1361-4509-b662-f20956ce793f",
  "name_normalized": "testconvecb032cc-1361-4509-b662-f20956ce793f",
  "is_channel": true,
  "is_group": false,
  "is_mpim": false,
  "is_private": false,
  "is_archived": false,
  "is_general": false,
  "is_shared": false,
  "is_ext_shared": false,
  "unlinked": 0,
  "is_pending_ext_shared": false,
  "pending_shared": [],
  "parent_conversation": null,
  "purpose": {
   "value": "",
   "creator": "",
   "last_set": 0
  },
  "topic": {
   "value": "",
   "creator": "",
   "last_set": 0
  },
  "shared_team_ids": [
   "T06UD92BS3C"
  ],
  "pending_connected_team_ids": [],
  "is_member": true,
  "last_read": "0000000000.000000",
  "priority": 0,
  "previous_names": []
 }
}
