{
 "data": [
  {
   "bigint_field": 9999999,
   "bigserial_field": 9999999,
   "bool_field": true,
   "bytea_field": "<Двоичные данные>",
   "char_field": "A",
   "charn_field": "AAA",
   "date_field": "2026-08-25",
   "dp_field": 1.0002,
   "int_field": 100,
   "ip_field": "127.0.0.1",
   "json_field": {
    "key": "***",
    "value": 10
   },
   "jsonb_field": {
    "key": "***",
    "value": 10
   },
   "name_field": "Vitaly",
   "numeric_field": "15.20",
   "oid_field": 24576,
   "oldchar_field": 1,
   "real_field": 15.1999998092651,
   "serial_field": 100,
   "smallint_field": 5,
   "smallserial_field": 6,
   "text_field": "Some text",
   "time_field": "12:18:20",
   "ts_field": "2026-08-25T12:18:20",
   "tswtz_field": "2026-08-25T10:18:20+03:00",
   "uuid_field": "85009995-2e28-4101-bc48-7018e2bccee4",
   "varchar_field": "Some varchar"
  }
 ],
 "result": true
}
