{
 "response": [
  {
   "activity": {
    "comments": 1
   },
   "period_from": 1788220800,
   "period_to": 1788307199,
   "reach": {
    "cities": [],
    "countries": [],
    "mobile_reach": 0,
    "reach": 0,
    "reach_subscribers": 0
   },
   "visitors": {
    "cities": [],
    "countries": [
     {
      "code": "VN",
      "count": 1,
      "name": "Вьетнам",
      "value": 55
     }
    ],
    "mobile_views": 0,
    "views": 1,
    "visitors": 1
   }
  },
  {
   "period_from": 1788134400,
   "period_to": 1788220799,
   "reach": {
    "cities": [],
    "countries": [],
    "mobile_reach": 0,
    "reach": 0,
    "reach_subscribers": 0
   },
   "visitors": {
    "cities": [],
    "countries": [],
    "mobile_views": 0,
    "views": 0,
    "visitors": 0
   }
  }
 ]
}
