{
 "response": {
  "count": 1,
  "groups": [],
  "items": [
   {
    "access_key": "***",
    "answers_count": 0,
    "can_ask": 0,
    "can_ask_anonymous": 0,
    "can_comment": 1,
    "can_hide": 1,
    "can_like": true,
    "can_reply": 1,
    "can_see": 1,
    "can_share": 1,
    "can_use_in_narrative": true,
    "date": 1787649519,
    "expires_at": 1787735919,
    "id": 456241908,
    "is_ads": false,
    "likes_count": 0,
    "link": {
     "text": "Ещё",
     "url": "https://github.com/Bayselonarrend/OpenIntegrations"
    },
    "narratives_count": 0,
    "no_sound": false,
    "owner_id": -218861756,
    "photo": {
     "album_id": -81,
     "date": 0,
     "has_tags": false,
     "id": 457265800,
     "owner_id": -218861756,
     "sizes": [
      {
       "height": 453,
       "type": "x",
       "url": "https://sun9-84.userapi.com/s/v1/ig2/Br5TUz5kHRpG9F7ga4B2q-SOenYaNh9OlILUQiLAJiE42OOe9RWqy4SFGgx6ketTdbhL2Vfq9suhzZIuYB8VU-bG.jpg?quality=95&size=604x453",
       "width": "***"
      },
      {
       "height": 605,
       "type": "y",
       "url": "https://sun9-84.userapi.com/s/v1/ig2/7FUO4cWXzkXeBS3crvZXCpmo-GDiuM6Sr3wZwe-KwWXs-oHq8extMmmFvOlq7rlyAPtigy9J9pgtiZTjCyOdELwN.jpg?quality=95&size=807x605",
       "width": "***"
      },
      {
       "height": 960,
       "type": "z",
       "url": "https://sun9-84.userapi.com/s/v1/ig2/YS_1eAxeJE1nsPmXCM6X2DamFXDni1PPLTRZZey2G4UYs3k61DR7sFUACugPe83fS-gPtHJtbdMyLhggIXpPGW7l.jpg?quality=95&size=1280x960",
       "width": "***"
      },
      {
       "height": 1920,
       "type": "w",
       "url": "https://sun9-84.userapi.com/s/v1/ig2/v-XEphXZ0dEzgXNMLn0NEHvCJxojsQT9Me4f6xzxChEAgvrG_C8nPgubhQYDW7QgTQlb6lRZ8dInD-qscPo95BkP.jpg?quality=95&size=2560x1920",
       "width": "***"
      }
     ],
     "text": ""
    },
    "preloading_enabled": true,
    "reaction_set_id": "story_reactions",
    "replies": {
     "count": 0,
     "new": 0
    },
    "track_code": "story_json/eyJvd25lcl9pZCI6LTIxODg2MTc1Niwic3RvcnlfaWQiOjQ1NjI0MTkwOCwidmlld2VyX2lkIjo2NTc4NDY3NTZ9",
    "type": "photo",
    "views": 0
   }
  ],
  "profiles": []
 }
}
