{
 "uuid": "d2bdaaf1-9caa-4276-80c4-d5911b057c1b",
 "active": true,
 "loaded": true,
 "id": 229,
 "userId": "test",
 "email": "test@example.com",
 "fullName": "Test User",
 "accountType": "INTERNAL",
 "userRole": "USER",
 "photoLoaded": true,
 "metadata": {
  "last_login": 1787649487936
 },
 "assignedProjects": {
  "test_personal": {
   "projectId": 455,
   "projectRole": "PROJECT_MANAGER",
   "entryType": "PERSONAL"
  },
  "test": {
   "projectId": 4,
   "projectRole": "MEMBER",
   "entryType": "INTERNAL"
  }
 }
}
