{
 "id": 503366,
 "uuid": "37e6db65-9316-4020-9c7b-40b91acd3a1f",
 "name": "Test",
 "description": "Test launch",
 "parameters": [],
 "attributes": [],
 "type": "TEST",
 "startTime": "2026-01-01T10:00:00Z",
 "status": "IN_PROGRESS",
 "statistics": {
  "executions": {},
  "defects": {}
 },
 "pathNames": {
  "launchPathName": {
   "name": "Test",
   "number": 451
  }
 },
 "hasChildren": false,
 "hasStats": true,
 "launchId": 694,
 "uniqueId": "auto:293897e9b3e0f4d39b111586ac4a3985",
 "testCaseHash": 1545806777,
 "patternTemplates": [],
 "path": "503366",
 "hasNestedSteps": false
}
