{
 "content": [
  {
   "uuid": "e5f6d2db-e63a-48d5-915a-e8ac666d0b2a",
   "active": true,
   "loaded": true,
   "id": 1,
   "userId": "superadmin",
   "email": "superadminemail@domain.com",
   "photoId": "dXNlcnMvc3VwZXJhZG1pbg",
   "fullName": "tester",
   "accountType": "INTERNAL",
   "userRole": "ADMINISTRATOR",
   "photoLoaded": true,
   "metadata": {
    "last_login": 1787643920694,
    "attachmentContentType": "image/jpeg"
   },
   "assignedProjects": {
    "test": {
     "projectId": 4,
     "projectRole": "PROJECT_MANAGER",
     "entryType": "INTERNAL"
    },
    "superadmin_personal": {
     "projectId": 1,
     "projectRole": "PROJECT_MANAGER",
     "entryType": "PERSONAL"
    }
   }
  },
  {
   "uuid": "1f5b36f7-9bc0-48bf-a712-fb9dfb0ed95f",
   "active": true,
   "loaded": true,
   "id": 6,
   "userId": "default",
   "email": "example@example.com",
   "fullName": "Default",
   "accountType": "INTERNAL",
   "userRole": "USER",
   "photoLoaded": true,
   "metadata": {
    "last_login": 1774095282438
   },
   "assignedProjects": {
    "default_personal": {
     "projectId": 8,
     "projectRole": "PROJECT_MANAGER",
     "entryType": "PERSONAL"
    },
    "test": {
     "projectId": 4,
     "projectRole": "MEMBER",
     "entryType": "INTERNAL"
    }
   }
  },
  {
   "uuid": "d9608bf1-6a3f-45cb-9bad-591d040d04e8",
   "active": true,
   "loaded": true,
   "id": 228,
   "userId": "test",
   "email": "test@example.com",
   "fullName": "Test User",
   "accountType": "INTERNAL",
   "userRole": "USER",
   "photoLoaded": true,
   "metadata": {
    "last_login": 1787644134520
   },
   "assignedProjects": {
    "test": {
     "projectId": 4,
     "projectRole": "MEMBER",
     "entryType": "INTERNAL"
    },
    "test_personal": {
     "projectId": 453,
     "projectRole": "PROJECT_MANAGER",
     "entryType": "PERSONAL"
    }
   }
  }
 ],
 "page": {
  "number": 1,
  "size": 30,
  "totalElements": 3,
  "totalPages": 1
 }
}
