{
 "ok": true,
 "result": {
  "message_id": 24538,
  "from": {
   "id": 6129457865,
   "is_bot": true,
   "first_name": "Бот Виталий",
   "username": "sicheebot"
  },
  "chat": {
   "id": 461699897,
   "first_name": "Anton",
   "last_name": "Titovets",
   "username": "bayselonarrend",
   "type": "private"
  },
  "date": 1787649464,
  "photo": [
   {
    "file_id": "AgACAgIAAxkDAAJf2mqNXbc6XIPYRKeAtX2rncB-ZriKAAK3HWsb95doSKKunJJBR4eUAQADAgADcwADPQQ",
    "file_unique_id": "AQADtx1rG_eXaEh4",
    "file_size": 1569,
    "width": "***",
    "height": 67
   },
   {
    "file_id": "AgACAgIAAxkDAAJf2mqNXbc6XIPYRKeAtX2rncB-ZriKAAK3HWsb95doSKKunJJBR4eUAQADAgADbQADPQQ",
    "file_unique_id": "AQADtx1rG_eXaEhy",
    "file_size": 21511,
    "width": "***",
    "height": 240
   },
   {
    "file_id": "AgACAgIAAxkDAAJf2mqNXbc6XIPYRKeAtX2rncB-ZriKAAK3HWsb95doSKKunJJBR4eUAQADAgADeAADPQQ",
    "file_unique_id": "AQADtx1rG_eXaEh9",
    "file_size": 98652,
    "width": "***",
    "height": 600
   },
   {
    "file_id": "AgACAgIAAxkDAAJf2mqNXbc6XIPYRKeAtX2rncB-ZriKAAK3HWsb95doSKKunJJBR4eUAQADAgADeQADPQQ",
    "file_unique_id": "AQADtx1rG_eXaEh-",
    "file_size": 217083,
    "width": "***",
    "height": 960
   },
   {
    "file_id": "AgACAgIAAxkDAAJf2mqNXbc6XIPYRKeAtX2rncB-ZriKAAK3HWsb95doSKKunJJBR4eUAQADAgADdwADPQQ",
    "file_unique_id": "AQADtx1rG_eXaEh8",
    "file_size": 645868,
    "width": "***",
    "height": 1920
   }
  ],
  "caption": "Строковое значение"
 }
}
