{
 "ok": true,
 "result": {
  "message_id": 24541,
  "from": {
   "id": 6129457865,
   "is_bot": true,
   "first_name": "Бот Виталий",
   "username": "sicheebot"
  },
  "chat": {
   "id": 461699897,
   "first_name": "Anton",
   "last_name": "Titovets",
   "username": "bayselonarrend",
   "type": "private"
  },
  "date": 1787649518,
  "video": {
   "duration": 5,
   "width": "***",
   "height": 480,
   "file_name": "video",
   "mime_type": "video/mp4",
   "thumbnail": {
    "file_id": "AAMCAgADGQMAAl_dao1d7qnGYu-o4XIxxVaMGlZlE2sAAlSeAAL3l2hIRkBddko2uBoBAAdtAAM9BA",
    "file_unique_id": "AQADVJ4AAveXaEhy",
    "file_size": 19807,
    "width": "***",
    "height": 240
   },
   "thumb": {
    "file_id": "AAMCAgADGQMAAl_dao1d7qnGYu-o4XIxxVaMGlZlE2sAAlSeAAL3l2hIRkBddko2uBoBAAdtAAM9BA",
    "file_unique_id": "AQADVJ4AAveXaEhy",
    "file_size": 19807,
    "width": "***",
    "height": 240
   },
   "file_id": "BAACAgIAAxkDAAJf3WqNXe6pxmLvqOFyMcVWjBpWZRNrAAJUngAC95doSEZAXXZKNrgaPQQ",
   "file_unique_id": "AgADVJ4AAveXaEg",
   "file_size": 1137878
  },
  "caption": "Строковое значение"
 }
}
