{
 "ok": true,
 "result": {
  "message_id": 24542,
  "from": {
   "id": 6129457865,
   "is_bot": true,
   "first_name": "Бот Виталий",
   "username": "sicheebot"
  },
  "chat": {
   "id": 461699897,
   "first_name": "Anton",
   "last_name": "Titovets",
   "username": "bayselonarrend",
   "type": "private"
  },
  "date": 1787649544,
  "audio": {
   "duration": 228,
   "file_name": "audio",
   "mime_type": "audio/mpeg",
   "title": "Dogs",
   "performer": "Motorhead",
   "file_id": "CQACAgIAAxkDAAJf3mqNXgi9zaXGFOOpS-2GObfD69JxAAJYngAC95doSEgSyP5wr6-LPQQ",
   "file_unique_id": "AgADWJ4AAveXaEg",
   "file_size": 9229352
  },
  "caption": "Строковое значение"
 }
}
