{
 "ok": true,
 "result": [
  {
   "message_id": 24546,
   "from": {
    "id": 6129457865,
    "is_bot": true,
    "first_name": "Бот Виталий",
    "username": "sicheebot"
   },
   "chat": {
    "id": 461699897,
    "first_name": "Anton",
    "last_name": "Titovets",
    "username": "bayselonarrend",
    "type": "private"
   },
   "date": 1787649610,
   "media_group_id": "14301196885553250",
   "photo": [
    {
     "file_id": "AgACAgIAAxkDAAJf2mqNXbc6XIPYRKeAtX2rncB-ZriKAAK3HWsb95doSKKunJJBR4eUAQADAgADcwADPQQ",
     "file_unique_id": "AQADtx1rG_eXaEh4",
     "file_size": 1569,
     "width": "***",
     "height": 67
    },
    {
     "file_id": "AgACAgIAAxkDAAJf2mqNXbc6XIPYRKeAtX2rncB-ZriKAAK3HWsb95doSKKunJJBR4eUAQADAgADbQADPQQ",
     "file_unique_id": "AQADtx1rG_eXaEhy",
     "file_size": 21511,
     "width": "***",
     "height": 240
    },
    {
     "file_id": "AgACAgIAAxkDAAJf2mqNXbc6XIPYRKeAtX2rncB-ZriKAAK3HWsb95doSKKunJJBR4eUAQADAgADeAADPQQ",
     "file_unique_id": "AQADtx1rG_eXaEh9",
     "file_size": 98652,
     "width": "***",
     "height": 600
    },
    {
     "file_id": "AgACAgIAAxkDAAJf2mqNXbc6XIPYRKeAtX2rncB-ZriKAAK3HWsb95doSKKunJJBR4eUAQADAgADeQADPQQ",
     "file_unique_id": "AQADtx1rG_eXaEh-",
     "file_size": 217083,
     "width": "***",
     "height": 960
    },
    {
     "file_id": "AgACAgIAAxkDAAJf2mqNXbc6XIPYRKeAtX2rncB-ZriKAAK3HWsb95doSKKunJJBR4eUAQADAgADdwADPQQ",
     "file_unique_id": "AQADtx1rG_eXaEh8",
     "file_size": 645868,
     "width": "***",
     "height": 1920
    }
   ],
   "caption": "Строковое значение"
  },
  {
   "message_id": 24547,
   "from": {
    "id": 6129457865,
    "is_bot": true,
    "first_name": "Бот Виталий",
    "username": "sicheebot"
   },
   "chat": {
    "id": 461699897,
    "first_name": "Anton",
    "last_name": "Titovets",
    "username": "bayselonarrend",
    "type": "private"
   },
   "date": 1787649610,
   "media_group_id": "14301196885553250",
   "video": {
    "duration": 5,
    "width": "***",
    "height": 480,
    "file_name": "video1",
    "mime_type": "video/mp4",
    "thumbnail": {
     "file_id": "AAMCAgADFQdqjV5KEhIoI6viTSnrfsRfV8gqkQACYZ4AAveXaEjj8wv9jqxEfQEAB20AAz0E",
     "file_unique_id": "AQADYZ4AAveXaEhy",
     "file_size": 19807,
     "width": "***",
     "height": 240
    },
    "thumb": {
     "file_id": "AAMCAgADFQdqjV5KEhIoI6viTSnrfsRfV8gqkQACYZ4AAveXaEjj8wv9jqxEfQEAB20AAz0E",
     "file_unique_id": "AQADYZ4AAveXaEhy",
     "file_size": 19807,
     "width": "***",
     "height": 240
    },
    "file_id": "BAACAgIAAxUHao1eShISKCOr4k0p637EX1fIKpEAAmGeAAL3l2hI4_ML_Y6sRH09BA",
    "file_unique_id": "AgADYZ4AAveXaEg",
    "file_size": 1137878
   }
  }
 ]
}
