{
 "ok": true,
 "result": {
  "message_id": 24565,
  "from": {
   "id": 6129457865,
   "is_bot": true,
   "first_name": "Бот Виталий",
   "username": "sicheebot"
  },
  "chat": {
   "id": 461699897,
   "first_name": "Anton",
   "last_name": "Titovets",
   "username": "bayselonarrend",
   "type": "private"
  },
  "date": 1788282931,
  "animation": {
   "file_name": "animation.gif.mp4",
   "mime_type": "video/mp4",
   "duration": 3,
   "width": "***",
   "height": 220,
   "thumbnail": {
    "file_id": "AAMCAgADGQMAAl_1apcIMor-CKlxv9hcMGOCOEjOQlMAAienAAKPXLhIwBjwu4YoLp4BAAdtAAM9BA",
    "file_unique_id": "AQADJ6cAAo9cuEhy",
    "file_size": 11342,
    "width": "***",
    "height": 220
   },
   "thumb": {
    "file_id": "AAMCAgADGQMAAl_1apcIMor-CKlxv9hcMGOCOEjOQlMAAienAAKPXLhIwBjwu4YoLp4BAAdtAAM9BA",
    "file_unique_id": "AQADJ6cAAo9cuEhy",
    "file_size": 11342,
    "width": "***",
    "height": 220
   },
   "file_id": "CgACAgIAAxkDAAJf9WqXCDKK_gipcb_YXDBjgjhIzkJTAAInpwACj1y4SMAY8LuGKC6ePQQ",
   "file_unique_id": "AgADJ6cAAo9cuEg",
   "file_size": 84979
  },
  "document": {
   "file_name": "animation.gif.mp4",
   "mime_type": "video/mp4",
   "thumbnail": {
    "file_id": "AAMCAgADGQMAAl_1apcIMor-CKlxv9hcMGOCOEjOQlMAAienAAKPXLhIwBjwu4YoLp4BAAdtAAM9BA",
    "file_unique_id": "AQADJ6cAAo9cuEhy",
    "file_size": 11342,
    "width": "***",
    "height": 220
   },
   "thumb": {
    "file_id": "AAMCAgADGQMAAl_1apcIMor-CKlxv9hcMGOCOEjOQlMAAienAAKPXLhIwBjwu4YoLp4BAAdtAAM9BA",
    "file_unique_id": "AQADJ6cAAo9cuEhy",
    "file_size": 11342,
    "width": "***",
    "height": 220
   },
   "file_id": "CgACAgIAAxkDAAJf9WqXCDKK_gipcb_YXDBjgjhIzkJTAAInpwACj1y4SMAY8LuGKC6ePQQ",
   "file_unique_id": "AgADJ6cAAo9cuEg",
   "file_size": 84979
  },
  "caption": "Строковое значение"
 }
}
