{
 "ok": true,
 "result": {
  "message_id": 24571,
  "from": {
   "id": 6129457865,
   "is_bot": true,
   "first_name": "Бот Виталий",
   "username": "sicheebot"
  },
  "chat": {
   "id": 461699897,
   "first_name": "Anton",
   "last_name": "Titovets",
   "username": "bayselonarrend",
   "type": "private"
  },
  "date": 1788283021,
  "forward_origin": {
   "type": "channel",
   "chat": {
    "id": -1001893407333,
    "title": "Тестовый канал",
    "username": "testsichee",
    "type": "channel"
   },
   "message_id": 32024,
   "date": 1788282751
  },
  "forward_from_chat": {
   "id": -1001893407333,
   "title": "Тестовый канал",
   "username": "testsichee",
   "type": "channel"
  },
  "forward_from_message_id": 32024,
  "forward_date": 1788282751,
  "text": "Полужирный текст",
  "entities": [
   {
    "offset": 0,
    "length": 16,
    "type": "bold"
   }
  ]
 }
}
