{
 "model": "tinyllama",
 "created_at": "2026-09-01T17:11:51.8065012Z",
 "response": "1C:Enterprise is a comprehensive enterprise resource planning (ERP) system designed for small and midsize businesses (SMBs). It is built on Microsoft's .NET technology platform, which provides the most secure and scalable framework to support SMB operations. 1C:Enterprise offers various modules including finance & accounting, manufacturing & engineering, procurement, human resources, marketing & sales, supply chain management, and project management. The system also supports online collaboration features like team sites, e-mail, instant messaging, file sharing, and web conferencing for remote workforce management. Additionally, 1C:Enterprise provides customizable reports, analytics, and dashboards to help managers gain insight into business operations and make informed decisions.",
 "done": true,
 "done_reason": "stop",
 "context": [
  529,
  29989,
  5205,
  29989,
  29958,
  13,
  3492,
  526,
  263,
  8444,
  319,
  29902,
  20255,
  29889,
  2,
  29871,
  13,
  29966,
  29989,
  1792,
  29989,
  29958,
  13,
  5618,
  338,
  29871,
  29896,
  29907,
  29901,
  10399,
  7734,
  29973,
  2,
  29871,
  13,
  29966,
  29989,
  465,
  22137,
  29989,
  29958,
  13,
  29896,
  29907,
  29901,
  10399,
  7734,
  338,
  263,
  15171,
  6270,
  3896,
  7734,
  6503,
  18987,
  313,
  1001,
  29925,
  29897,
  1788,
  8688,
  363,
  2319,
  322,
  7145,
  2311,
  5381,
  267,
  313,
  17061,
  29933,
  29879,
  467,
  739,
  338,
  4240,
  373,
  7783,
  29915,
  29879,
  869,
  6006,
  15483,
  7481,
  29892,
  607,
  8128,
  278,
  1556,
  11592,
  322,
  15688,
  569,
  6890,
  304,
  2304,
  13766,
  29933,
  6931,
  29889,
  29871,
  29896,
  29907,
  29901,
  10399,
  7734,
  16688,
  5164,
  10585,
  3704,
  11782,
  346,
  669,
  3633,
  292,
  29892,
  12012,
  3864,
  669,
  21639,
  29892,
  9580,
  545,
  358,
  29892,
  5199,
  7788,
  29892,
  9999,
  292,
  669,
  16538,
  29892,
  11421,
  9704,
  10643,
  29892,
  322,
  2060,
  10643,
  29889,
  450,
  1788,
  884,
  11286,
  7395,
  24771,
  5680,
  763,
  3815,
  11840,
  29892,
  321,
  29899,
  2549,
  29892,
  14426,
  4473,
  6751,
  29892,
  934,
  19383,
  29892,
  322,
  1856,
  21388,
  16750,
  363,
  7592,
  664,
  10118,
  10643,
  29889,
  19814,
  29892,
  29871,
  29896,
  29907,
  29901,
  10399,
  7734,
  8128,
  2888,
  13902,
  13676,
  29892,
  16114,
  1199,
  29892,
  322,
  12569,
  24691,
  304,
  1371,
  8455,
  29879,
  11581,
  25483,
  964,
  5381,
  6931,
  322,
  1207,
  23388,
  10608,
  29879,
  29889
 ],
 "total_duration": 8908687500,
 "load_duration": 3408311300,
 "prompt_eval_count": 43,
 "prompt_eval_duration": 168825000,
 "eval_count": 166,
 "eval_duration": 5198592000
}
