{
 "object": "database",
 "id": "3c782aa7-fc4e-81eb-89fa-cf4363f2562e",
 "cover": null,
 "icon": null,
 "created_time": "2026-08-25T09:14:00Z",
 "created_by": {
  "object": "user",
  "id": "8b07422e-eeea-40d1-8d5e-c784211825b0"
 },
 "last_edited_by": {
  "object": "user",
  "id": "8b07422e-eeea-40d1-8d5e-c784211825b0"
 },
 "last_edited_time": "2026-08-25T09:14:00Z",
 "title": [
  {
   "type": "text",
   "text": {
    "content": "Тестовый заголовок",
    "link": null
   },
   "annotations": {
    "bold": false,
    "italic": false,
    "strikethrough": false,
    "underline": false,
    "code": false,
    "color": "default"
   },
   "plain_text": "Тестовый заголовок",
   "href": null
  }
 ],
 "description": [
  {
   "type": "text",
   "text": {
    "content": "Тестовое описание",
    "link": null
   },
   "annotations": {
    "bold": false,
    "italic": false,
    "strikethrough": false,
    "underline": false,
    "code": false,
    "color": "default"
   },
   "plain_text": "Тестовое описание",
   "href": null
  }
 ],
 "is_inline": false,
 "properties": {
  "Почта": {
   "id": "L%5EW%40",
   "name": "Почта",
   "description": null,
   "type": "rich_text",
   "rich_text": {}
  },
  "Пользователь": {
   "id": "Mfhx",
   "name": "Пользователь",
   "description": null,
   "type": "people",
   "people": {}
  },
  "Номер": {
   "id": "WZw%7D",
   "name": "Номер",
   "description": null,
   "type": "number",
   "number": {
    "format": "number"
   }
  },
  "Описание": {
   "id": "%5Dbd%7B",
   "name": "Описание",
   "description": null,
   "type": "rich_text",
   "rich_text": {}
  },
  "Картинка": {
   "id": "c~I%7C",
   "name": "Картинка",
   "description": null,
   "type": "files",
   "files": {}
  },
  "Статус": {
   "id": "drn%5B",
   "name": "Статус",
   "description": null,
   "type": "select",
   "select": {
    "options": [
     {
      "id": "1fecce05-79b9-419d-9ac2-b5c4136b4e93",
      "name": "Новый",
      "color": "green",
      "description": null
     },
     {
      "id": "66ad20dc-eec3-4b71-88e0-da9abb0bea0f",
      "name": "В работе",
      "color": "yellow",
      "description": null
     },
     {
      "id": "ec6d3c1f-563d-4a39-b4d6-b525f41b7001",
      "name": "Удаленный",
      "color": "red",
      "description": null
     }
    ]
   }
  },
  "Активен": {
   "id": "gRdO",
   "name": "Активен",
   "description": null,
   "type": "checkbox",
   "checkbox": {}
  },
  "Дата создания": {
   "id": "swhW",
   "name": "Дата создания",
   "description": null,
   "type": "date",
   "date": {}
  },
  "Телефон": {
   "id": "v%5EOR",
   "name": "Телефон",
   "description": null,
   "type": "phone_number",
   "phone_number": {}
  },
  "Имя": {
   "id": "title",
   "name": "Имя",
   "description": null,
   "type": "title",
   "title": {}
  }
 },
 "parent": {
  "type": "page_id",
  "page_id": "5dd94c34-fab0-4bff-986b-7511c0779f77"
 },
 "url": "https://app.notion.com/p/3c782aa7fc4e81eb89facf4363f2562e",
 "public_url": null,
 "in_trash": false,
 "archived": false,
 "request_id": "238f33e6-c80e-409c-83b0-f8c58e701a08"
}
