{
 "object": "page",
 "id": "3ce82aa7-fc4e-814b-b263-e6ffefb92add",
 "created_time": "2026-09-01T17:10:00Z",
 "last_edited_time": "2026-09-01T17:10:00Z",
 "created_by": {
  "object": "user",
  "id": "8b07422e-eeea-40d1-8d5e-c784211825b0"
 },
 "last_edited_by": {
  "object": "user",
  "id": "8b07422e-eeea-40d1-8d5e-c784211825b0"
 },
 "cover": null,
 "icon": null,
 "parent": {
  "type": "page_id",
  "page_id": "5dd94c34-fab0-4bff-986b-7511c0779f77"
 },
 "in_trash": false,
 "is_archived": false,
 "is_locked": false,
 "properties": {
  "title": {
   "id": "title",
   "type": "title",
   "title": [
    {
     "type": "text",
     "text": {
      "content": "Тестовый заголовок",
      "link": null
     },
     "annotations": {
      "bold": false,
      "italic": false,
      "strikethrough": false,
      "underline": false,
      "code": false,
      "color": "default"
     },
     "plain_text": "Тестовый заголовок",
     "href": null
    }
   ]
  }
 },
 "url": "https://app.notion.com/p/3ce82aa7fc4e814bb263e6ffefb92add",
 "public_url": null,
 "archived": false,
 "request_id": "cfecab30-1be1-4836-a2e7-8121bca3ba59"
}
