{
 "object": "page",
 "id": "3c782aa7-fc4e-8102-8530-d8ee0c6fd97c",
 "created_time": "2026-08-25T07:45:00Z",
 "last_edited_time": "2026-08-25T07:45:00Z",
 "created_by": {
  "object": "user",
  "id": "8b07422e-eeea-40d1-8d5e-c784211825b0"
 },
 "last_edited_by": {
  "object": "user",
  "id": "8b07422e-eeea-40d1-8d5e-c784211825b0"
 },
 "cover": null,
 "icon": null,
 "parent": {
  "type": "database_id",
  "database_id": "3c782aa7-fc4e-81a6-8b0a-cb5cc219d864"
 },
 "in_trash": false,
 "is_archived": false,
 "is_locked": false,
 "properties": {
  "Телефон": {
   "id": "%3Fl%7Ch",
   "type": "phone_number",
   "phone_number": "***"
  },
  "Почта": {
   "id": "IwtO",
   "type": "rich_text",
   "rich_text": [
    {
     "type": "text",
     "text": {
      "content": "mail@vector.ru",
      "link": null
     },
     "annotations": {
      "bold": false,
      "italic": false,
      "strikethrough": false,
      "underline": false,
      "code": false,
      "color": "default"
     },
     "plain_text": "mail@vector.ru",
     "href": null
    }
   ]
  },
  "Номер": {
   "id": "%5DoZu",
   "type": "number",
   "number": 1
  },
  "Пользователь": {
   "id": "%5EJhj",
   "type": "people",
   "people": []
  },
  "Описание": {
   "id": "_nLD",
   "type": "rich_text",
   "rich_text": [
    {
     "type": "text",
     "text": {
      "content": "Наш первый клиент",
      "link": null
     },
     "annotations": {
      "bold": false,
      "italic": false,
      "strikethrough": false,
      "underline": false,
      "code": false,
      "color": "default"
     },
     "plain_text": "Наш первый клиент",
     "href": null
    }
   ]
  },
  "Статус": {
   "id": "fCoN",
   "type": "select",
   "select": {
    "id": "bbb766c3-f45b-4dc5-a2f0-b602086133e6",
    "name": "Новый",
    "color": "green"
   }
  },
  "Картинка": {
   "id": "kVHR",
   "type": "files",
   "files": [
    {
     "name": "Лого",
     "type": "external",
     "external": {
      "url": "https://releases.openintegrations.dev/test_data/picture.jpg"
     }
    }
   ]
  },
  "Дата создания": {
   "id": "%7Bz%7BH",
   "type": "date",
   "date": {
    "start": "2026-08-25T13:45:00+03:00",
    "end": null,
    "time_zone": null
   }
  },
  "Активен": {
   "id": "%7CiUU",
   "type": "checkbox",
   "checkbox": true
  },
  "Имя": {
   "id": "title",
   "type": "title",
   "title": [
    {
     "type": "text",
     "text": {
      "content": "ООО Вектор",
      "link": null
     },
     "annotations": {
      "bold": false,
      "italic": false,
      "strikethrough": false,
      "underline": false,
      "code": false,
      "color": "default"
     },
     "plain_text": "ООО Вектор",
     "href": null
    }
   ]
  }
 },
 "url": "https://app.notion.com/p/3c782aa7fc4e81028530d8ee0c6fd97c",
 "public_url": null,
 "archived": false,
 "request_id": "9f40b8e6-b1e7-48c5-86f1-249488c4eb02"
}
