{
 "kind": "calendar#calendarListEntry",
 "etag": "\"1788282712175343\"",
 "id": "438371806be906752103220ca9238e18d98b68218516716b3db1a944384b664e@group.calendar.google.com",
 "summary": "Новое наименование",
 "description": "Новое описание",
 "timeZone": "Europe/Moscow",
 "dataOwner": "bayselonarrend@gmail.com",
 "colorId": "9",
 "backgroundColor": "#7bd148",
 "foregroundColor": "#000000",
 "selected": true,
 "accessRole": "owner",
 "defaultReminders": [],
 "conferenceProperties": {
  "allowedConferenceSolutionTypes": [
   "hangoutsMeet"
  ]
 }
}
