{
 "kind": "calendar#calendar",
 "etag": "\"FIFoQUbbFgd20jjw0wOcaSYpteM\"",
 "id": "a6a775a51401b5c7f032de1513e0bcc1515737e96d84b27002a9a09378b28c27@group.calendar.google.com",
 "summary": "Новое наименование",
 "description": "Новое описание",
 "timeZone": "Europe/Moscow",
 "dataOwner": "bayselonarrend@gmail.com",
 "conferenceProperties": {
  "allowedConferenceSolutionTypes": [
   "hangoutsMeet"
  ]
 },
 "labelProperties": {
  "eventLabels": [
   {
    "id": "0624a08d-bbf3-4a49-9ce6-f15939dfa790",
    "backgroundColor": "#4285f4"
   },
   {
    "id": "0f6adada-217d-4ec5-bcd4-547b0f7a3199",
    "backgroundColor": "#33b679"
   },
   {
    "id": "1075c0ae-f692-488f-a689-a5e439f52c7f",
    "backgroundColor": "#b39ddb"
   },
   {
    "id": "204edd44-bd54-4d14-bb2e-9ac05bc57ded",
    "backgroundColor": "#3f51b5"
   },
   {
    "id": "25da9887-65fb-4861-9c6e-12d9a117221a",
    "backgroundColor": "#8e24aa"
   },
   {
    "id": "2b980db2-e2e7-4d2a-b22c-987049b42861",
    "backgroundColor": "#7cb342"
   },
   {
    "id": "31fd8b01-df24-4e37-991a-f847e5f512af",
    "backgroundColor": "#f6bf26"
   },
   {
    "id": "3ddeb5f7-e590-4092-b1c9-9f196e426c84",
    "backgroundColor": "#0b8043"
   },
   {
    "id": "3f8db6d4-0b68-4ff3-8218-a2247fbaadc6",
    "backgroundColor": "#ad1457"
   },
   {
    "id": "48a8d31a-f74b-4fee-b53d-e287ff545819",
    "backgroundColor": "#ef6c00"
   },
   {
    "id": "4b39470f-0b2a-4cf7-96f8-b46516ac281e",
    "backgroundColor": "#e67c73"
   },
   {
    "id": "4f5df758-b6dc-4418-b628-dfcb1de4b20e",
    "backgroundColor": "#d81b60"
   },
   {
    "id": "6a3a4ddb-22d0-4946-8e55-38e7803ca49e",
    "backgroundColor": "#9e69af"
   },
   {
    "id": "73f41348-ce63-4d53-a25c-ef17c04f5456",
    "backgroundColor": "#e4c441"
   },
   {
    "id": "8614515c-e0ba-42f9-8527-f078fd8583aa",
    "backgroundColor": "#795548"
   },
   {
    "id": "8f259f31-ea68-4a4e-8030-e3d61a938eb8",
    "backgroundColor": "#616161"
   },
   {
    "id": "a411d77a-cd92-4831-bc56-6c3b5fb81638",
    "backgroundColor": "#a79b8e"
   },
   {
    "id": "b31ffab1-05a6-4c39-8b15-2e56a14b98a1",
    "backgroundColor": "#d50000"
   },
   {
    "id": "b98a6a6a-dace-4d7a-a175-b7462148c21e",
    "backgroundColor": "#f4511e"
   },
   {
    "id": "c0b617b3-bd54-4176-a697-1d325b24c240",
    "backgroundColor": "#009688"
   },
   {
    "id": "c3a51460-3d12-4e65-9a03-e6673bc80e48",
    "backgroundColor": "#f09300"
   },
   {
    "id": "d775a240-c99b-46c2-b774-6b9ffabe937b",
    "backgroundColor": "#c0ca33"
   },
   {
    "id": "df3c5eca-c055-45f3-9076-45d4f18f5c11",
    "backgroundColor": "#7986cb"
   },
   {
    "id": "e1b16af8-f15d-4e09-b5bf-64a946742130",
    "backgroundColor": "#039be5"
   }
  ]
 }
}
