[
 {
  "kind": "calendar#event",
  "etag": "\"3575298879449950\"",
  "id": "p1jb52anr44s7du82lre00tn4o",
  "status": "confirmed",
  "htmlLink": "https://www.google.com/calendar/event?eid=cDFqYjUyYW5yNDRzN2R1ODJscmUwMHRuNG8gODRiYjYzMGM3NDk4N2NmNDQzMWYyZmFjZTUzMGI5MzFiMTEwYjIyZDBjMjQwZDg4NmMzM2U4ODkxZDU5M2U4Y0Bn",
  "created": "2026-08-25T09:17:08Z",
  "updated": "2026-08-25T09:17:19.724Z",
  "summary": "Новое событие",
  "description": "Новое описание события",
  "location": "В офисе",
  "creator": {
   "email": "bayselonarrend@gmail.com"
  },
  "organizer": {
   "email": "84bb630c74987cf4431f2face530b931b110b22d0c240d886c33e8891d593e8c@group.calendar.google.com",
   "displayName": "Тестовый календарь",
   "self": true
  },
  "start": {
   "dateTime": "2026-08-25T15:17:08+03:00",
   "timeZone": "Europe/Moscow"
  },
  "end": {
   "dateTime": "2026-08-25T16:17:08+03:00",
   "timeZone": "Europe/Moscow"
  },
  "iCalUID": "p1jb52anr44s7du82lre00tn4o@google.com",
  "sequence": 0,
  "reminders": {
   "useDefault": true
  },
  "attachments": [
   {
    "fileUrl": "https://releases.openintegrations.dev/test_data/picture.jpg",
    "title": "Картинка1",
    "iconLink": ""
   },
   {
    "fileUrl": "https://releases.openintegrations.dev/test_data/picture2.jpg",
    "title": "Картинка2",
    "iconLink": ""
   }
  ],
  "eventType": "default"
 }
]
