{
 "kind": "calendar#calendar",
 "etag": "\"iGVUwGFUDlQTPvTvioVQnqEHErI\"",
 "id": "5a805c078df0ed92817bbce6b7f833a52064c9d57478eb8ae4b3be8100d819d5@group.calendar.google.com",
 "summary": "Тестовый календарь",
 "timeZone": "Europe/Moscow",
 "dataOwner": "bayselonarrend@gmail.com",
 "conferenceProperties": {
  "allowedConferenceSolutionTypes": [
   "hangoutsMeet"
  ]
 },
 "labelProperties": {
  "eventLabels": [
   {
    "id": "0b771985-b167-4fd2-b5e8-0d7837e78b58",
    "backgroundColor": "#a79b8e"
   },
   {
    "id": "13869692-68d0-473a-bd8d-81bf6a84800d",
    "backgroundColor": "#f6bf26"
   },
   {
    "id": "16813c2f-953f-41bb-a43d-6c717e57d391",
    "backgroundColor": "#8e24aa"
   },
   {
    "id": "19d65f59-6220-4de0-b237-3a375594d31e",
    "backgroundColor": "#4285f4"
   },
   {
    "id": "2bdc267b-78e9-46af-bd3e-132a44567bf8",
    "backgroundColor": "#616161"
   },
   {
    "id": "2cf22aef-40c8-43d5-8298-66dd4969a2e5",
    "backgroundColor": "#f4511e"
   },
   {
    "id": "579cc90b-af90-41d9-b7fc-dfa999f8260e",
    "backgroundColor": "#009688"
   },
   {
    "id": "620e08a5-05a5-4517-8479-8cc72b61d6a6",
    "backgroundColor": "#795548"
   },
   {
    "id": "70434834-9063-4b77-a50c-bc3022971a30",
    "backgroundColor": "#9e69af"
   },
   {
    "id": "7112811e-51c1-411b-89b2-c2c2641b52a5",
    "backgroundColor": "#f09300"
   },
   {
    "id": "767f8144-e67e-4e12-b115-1515b229d9c2",
    "backgroundColor": "#7986cb"
   },
   {
    "id": "787a917b-0a7a-4a7f-89fe-f9f844859b4e",
    "backgroundColor": "#e67c73"
   },
   {
    "id": "7d80d8a9-d5ed-4e9c-b0ba-8f26ef581cef",
    "backgroundColor": "#d81b60"
   },
   {
    "id": "847c95ca-8dcc-4c5a-b8bf-7e4ddd6fdc84",
    "backgroundColor": "#c0ca33"
   },
   {
    "id": "8a53fd08-52c0-45e3-a803-7bc030be792f",
    "backgroundColor": "#7cb342"
   },
   {
    "id": "b6888fa8-f446-43fd-9e35-109ab34ff71a",
    "backgroundColor": "#b39ddb"
   },
   {
    "id": "ba89a16e-8ff6-4438-81cb-6104052bffaf",
    "backgroundColor": "#ad1457"
   },
   {
    "id": "d497191b-1f88-4c36-9348-7ed0b4cb8845",
    "backgroundColor": "#33b679"
   },
   {
    "id": "df00f75c-15fd-473d-bf84-920f2e03a125",
    "backgroundColor": "#ef6c00"
   },
   {
    "id": "e128bbaf-2539-4ef1-ad89-40eb658b2dcf",
    "backgroundColor": "#039be5"
   },
   {
    "id": "f7143663-e731-416e-85b3-9fdee7f20d54",
    "backgroundColor": "#0b8043"
   },
   {
    "id": "f7597536-1353-4dff-83f9-86585c96a3ce",
    "backgroundColor": "#3f51b5"
   },
   {
    "id": "fcca7608-f66c-4570-8e1e-be90ea3da538",
    "backgroundColor": "#d50000"
   },
   {
    "id": "fe415bcd-6ded-43f6-b94a-38341216b962",
    "backgroundColor": "#e4c441"
   }
  ]
 }
}
