{
 "kind": "calendar#event",
 "etag": "\"3575288157016702\"",
 "id": "bmfao9tjtm587ghs08668j4lc4",
 "status": "confirmed",
 "htmlLink": "https://www.google.com/calendar/event?eid=Ym1mYW85dGp0bTU4N2doczA4NjY4ajRsYzQgNWE4MDVjMDc4ZGYwZWQ5MjgxN2JiY2U2YjdmODMzYTUyMDY0YzlkNTc0NzhlYjhhZTRiM2JlODEwMGQ4MTlkNUBn",
 "created": "2026-08-25T07:47:58Z",
 "updated": "2026-08-25T07:47:58.508Z",
 "summary": "Новое событие",
 "description": "Описание тестового события",
 "location": "В офисе",
 "creator": {
  "email": "bayselonarrend@gmail.com"
 },
 "organizer": {
  "email": "5a805c078df0ed92817bbce6b7f833a52064c9d57478eb8ae4b3be8100d819d5@group.calendar.google.com",
  "displayName": "Тестовый календарь",
  "self": true
 },
 "start": {
  "dateTime": "2026-08-25T13:47:58+03:00",
  "timeZone": "Europe/Moscow"
 },
 "end": {
  "dateTime": "2026-08-25T14:47:58+03:00",
  "timeZone": "Europe/Moscow"
 },
 "iCalUID": "bmfao9tjtm587ghs08668j4lc4@google.com",
 "sequence": 0,
 "reminders": {
  "useDefault": true
 },
 "attachments": [
  {
   "fileUrl": "https://releases.openintegrations.dev/test_data/picture.jpg",
   "title": "Картинка1",
   "iconLink": ""
  },
  {
   "fileUrl": "https://releases.openintegrations.dev/test_data/picture2.jpg",
   "title": "Картинка2",
   "iconLink": ""
  }
 ],
 "eventType": "default"
}
