{
 "entries": [
  {
   "name": "<имя файла в архиве>",
   "directory": "<Ложь для файла>",
   "from_path": "<Истина — брать содержимое с диска>",
   "path": "<полный путь к файлу на диске>"
  },
  {
   "name": "<имя файла в архиве>",
   "directory": "<Ложь для файла>",
   "from_path": "<Ложь — брать содержимое из data>",
   "data": "<двоичные данные файла>"
  },
  {
   "name": "<имя каталога в архиве>",
   "directory": "<Истина для каталога>",
   "entries": [
    {
     "name": "<имя файла внутри каталога>",
     "directory": "<Ложь для файла>",
     "from_path": "<Ложь — брать содержимое из data>",
     "data": "<двоичные данные файла>"
    }
   ]
  }
 ]
}
