{
 "id": "tblMHDN4VeUY0Az5s",
 "name": "Тестовая таблица 2 (изм.)",
 "description": "Новая таблица (изм.)",
 "primaryFieldId": "fldeBusToxDf6NOBD",
 "fields": [
  {
   "id": "fldeBusToxDf6NOBD",
   "name": "Номер",
   "type": "number",
   "options": {
    "precision": 0
   }
  },
  {
   "id": "fldJUGtrOdhd3ecSD",
   "name": "Строковое",
   "type": "richText"
  },
  {
   "id": "fldsy4rHqSxuMknQc",
   "name": "Вложение",
   "type": "multipleAttachments",
   "options": {
    "isReversed": false
   }
  },
  {
   "id": "fldZIk98KV6tp4Ivs",
   "name": "Флажок",
   "type": "checkbox",
   "options": {
    "icon": "check",
    "color": "yellowBright"
   }
  },
  {
   "id": "fld9e5hCwdZpYCv8i",
   "name": "Дата",
   "type": "date",
   "options": {
    "dateFormat": {
     "name": "iso",
     "format": "YYYY-MM-DD"
    }
   }
  },
  {
   "id": "fldrCLHsHZPijbvTV",
   "name": "Телефон",
   "type": "phoneNumber"
  },
  {
   "id": "fldNgslnzFKwgqudJ",
   "name": "Почта",
   "type": "email"
  },
  {
   "id": "fld21itbY1UlN3kkm",
   "name": "Ссылка",
   "type": "url"
  }
 ],
 "views": [
  {
   "id": "viwKifFNVit7iNc9K",
   "name": "Grid view",
   "type": "grid"
  }
 ]
}
