{
 "id": "appa3P8YE28q67qGs",
 "tables": [
  {
   "id": "tbluL9g8IobA5KA6U",
   "name": "Тестовая таблица",
   "primaryFieldId": "fldlzw9cpWmAjV8HR",
   "fields": [
    {
     "type": "number",
     "options": {
      "precision": 0
     },
     "id": "fldlzw9cpWmAjV8HR",
     "name": "Номер"
    },
    {
     "type": "richText",
     "id": "fldqnsHh7eFvFm3iI",
     "name": "Строковое"
    }
   ],
   "views": [
    {
     "id": "viw3UVgLusIMww5uq",
     "name": "Grid view",
     "type": "grid"
    }
   ]
  }
 ]
}
