{
 "id": "tblMHDN4VeUY0Az5s",
 "name": "Тестовая таблица 2",
 "description": "Новая таблица",
 "primaryFieldId": "fldeBusToxDf6NOBD",
 "fields": [
  {
   "type": "number",
   "options": {
    "precision": 0
   },
   "id": "fldeBusToxDf6NOBD",
   "name": "Номер"
  },
  {
   "type": "richText",
   "id": "fldJUGtrOdhd3ecSD",
   "name": "Строковое"
  },
  {
   "type": "multipleAttachments",
   "options": {
    "isReversed": false
   },
   "id": "fldsy4rHqSxuMknQc",
   "name": "Вложение"
  },
  {
   "type": "checkbox",
   "options": {
    "icon": "check",
    "color": "yellowBright"
   },
   "id": "fldZIk98KV6tp4Ivs",
   "name": "Флажок"
  },
  {
   "type": "date",
   "options": {
    "dateFormat": {
     "name": "iso",
     "format": "YYYY-MM-DD"
    }
   },
   "id": "fld9e5hCwdZpYCv8i",
   "name": "Дата"
  },
  {
   "type": "phoneNumber",
   "id": "fldrCLHsHZPijbvTV",
   "name": "Телефон"
  },
  {
   "type": "email",
   "id": "fldNgslnzFKwgqudJ",
   "name": "Почта"
  },
  {
   "type": "url",
   "id": "fld21itbY1UlN3kkm",
   "name": "Ссылка"
  }
 ],
 "views": [
  {
   "id": "viwKifFNVit7iNc9K",
   "name": "Grid view",
   "type": "grid"
  }
 ]
}
