{
 "status": 200,
 "response": {
  "CompleteMultipartUploadResult": {
   "Location": "http://s3.openintegrations.dev/c2d8f90c/fileChunked.mp3",
   "Bucket": "c2d8f90c",
   "Key": "***",
   "ETag": "\"22c09aeeb42144b375de8a4c1a1bb573-2\""
  }
 },
 "headers": {
  "Accept-Ranges": "bytes",
  "ETag": "\"22c09aeeb42144b375de8a4c1a1bb573-2\"",
  "Vary": "Accept-Encoding",
  "Server": "Microsoft-IIS/10.0",
  "Strict-Transport-Security": "max-age=31536000; includeSubDomains",
  "X-Amz-Id-2": "dd9025bab4ad464b049177c95eb6ebf374d3b3fd1af9251148b658df7ac2e3e8",
  "X-Amz-Request-Id": "18D141E4AE2C69AA",
  "X-Content-Type-Options": "nosniff",
  "X-Ratelimit-Limit": "6432",
  "X-Ratelimit-Remaining": "6432",
  "X-XSS-Protection": "1; mode=block",
  "X-Powered-By": "ARR/3.0",
  "Date": "Tue, 01 Sep 2026 17:16:17 GMT",
  "Content-Type": "application/xml",
  "Content-Length": "334"
 }
}
