{
 "status": 200,
 "response": {
  "InitiateMultipartUploadResult": {
   "Bucket": "e484bb20",
   "Key": "***",
   "UploadId": "MGI2Y2U2YTAtMDYxZC00NzkwLTk3YmEtOTM0NDY2MWFjZGYwLjlmODhjNWFhLTg3MjQtNGFhMy04ZTNlLTM0YWM3NjdkMmNmOXgxNzg3NjQ0MjUyMzgwNzE3NTk1"
  }
 },
 "headers": {
  "Accept-Ranges": "bytes",
  "Vary": "Accept-Encoding",
  "Server": "Microsoft-IIS/10.0",
  "Strict-Transport-Security": "max-age=31536000; includeSubDomains",
  "X-Amz-Id-2": "dd9025bab4ad464b049177c95eb6ebf374d3b3fd1af9251148b658df7ac2e3e8",
  "X-Amz-Request-Id": "18CEFCF9E7E857E5",
  "X-Content-Type-Options": "nosniff",
  "X-Ratelimit-Limit": "6255",
  "X-Ratelimit-Remaining": "6255",
  "X-XSS-Protection": "1; mode=block",
  "X-Powered-By": "ARR/3.0",
  "Date": "Tue, 25 Aug 2026 07:50:52 GMT",
  "Content-Type": "application/xml",
  "Content-Length": "346"
 }
}
