{
 "status": 200,
 "response": {
  "ListBucketResult": {
   "Name": "e484bb20",
   "Prefix": {},
   "KeyCount": "***",
   "MaxKeys": "***",
   "IsTruncated": "false",
   "Contents": {
    "Key": "***",
    "LastModified": "2026-08-25T07:50:47.663Z",
    "ETag": "\"9e0176f87f6565a22f78e0f9b39a4d78\"",
    "Size": "2114023",
    "StorageClass": "STANDARD"
   }
  }
 },
 "headers": {
  "Accept-Ranges": "bytes",
  "Vary": "Accept-Encoding",
  "Server": "Microsoft-IIS/10.0",
  "Strict-Transport-Security": "max-age=31536000; includeSubDomains",
  "X-Amz-Id-2": "dd9025bab4ad464b049177c95eb6ebf374d3b3fd1af9251148b658df7ac2e3e8",
  "X-Amz-Request-Id": "18CEFCFDF8B3F08C",
  "X-Content-Type-Options": "nosniff",
  "X-Ratelimit-Limit": "6255",
  "X-Ratelimit-Remaining": "6255",
  "X-XSS-Protection": "1; mode=block",
  "X-Powered-By": "ARR/3.0",
  "Date": "Tue, 25 Aug 2026 07:51:09 GMT",
  "Content-Type": "application/xml",
  "Content-Length": "446"
 }
}
