{
 "cursor": "AAYaTCqK9OtK8uSf3LOxoU7mVIYzeDWFGOIex_c7CdxCrdO7PkUL9_S0EmKY67FWXDZS-SHQoEUndi2EQxp0V8b5IUsN83pqfZ4OiXJTT4xQFAKu-aMm19Yvv9DkEStCBnaZ6JR8Hmg0PmDNV-ZC7VseWTF9HbUKtQsWwiFKRV_CP4puDC31v-QdG0Xt-Z5kWT-ULnFaaLJqz2M-m3QI3yZC",
 "entries": [
  {
   ".tag": "file",
   "client_modified": "***",
   "content_hash": "376f728ef041d9cef08406f16debc12de89d83130e69c66a817fd834d2d82dc2",
   "id": "id:kJU6-a-pT48AAAAAAAAACA",
   "is_downloadable": true,
   "name": "Dogs.mp3",
   "path_display": "/New/Dogs.mp3",
   "path_lower": "/new/dogs.mp3",
   "property_groups": [],
   "rev": "659db98f61eb7bd841553",
   "server_modified": "2026-08-25T09:19:19Z",
   "size": 9229352
  },
  {
   ".tag": "file",
   "client_modified": "***",
   "content_hash": "8d63c5989ceec1a90f3fde2ffaa76efcd2c050191e6b55a1761e4e352590bd8c",
   "id": "id:kJU6-a-pT48AAAAAAAALvg",
   "is_downloadable": true,
   "name": "url_doc (1).docx",
   "path_display": "/New/url_doc (1).docx",
   "path_lower": "/new/url_doc (1).docx",
   "property_groups": [],
   "rev": "659db98f61eb8bd841553",
   "server_modified": "2026-08-25T09:19:19Z",
   "size": 24069
  },
  {
   ".tag": "file",
   "client_modified": "***",
   "content_hash": "8d63c5989ceec1a90f3fde2ffaa76efcd2c050191e6b55a1761e4e352590bd8c",
   "id": "id:kJU6-a-pT48AAAAAAAA24g",
   "is_downloadable": true,
   "name": "url_doc (2).docx",
   "path_display": "/New/url_doc (2).docx",
   "path_lower": "/new/url_doc (2).docx",
   "property_groups": [],
   "rev": "659db98f61eb9bd841553",
   "server_modified": "2026-08-25T09:19:19Z",
   "size": 24069
  },
  {
   ".tag": "file",
   "client_modified": "***",
   "content_hash": "8d63c5989ceec1a90f3fde2ffaa76efcd2c050191e6b55a1761e4e352590bd8c",
   "id": "id:kJU6-a-pT48AAAAAAABDNA",
   "is_downloadable": true,
   "name": "url_doc (3).docx",
   "path_display": "/New/url_doc (3).docx",
   "path_lower": "/new/url_doc (3).docx",
   "property_groups": [],
   "rev": "659db98f61ebabd841553",
   "server_modified": "2026-08-25T09:19:19Z",
   "size": 24069
  },
  {
   ".tag": "file",
   "client_modified": "***",
   "content_hash": "8d63c5989ceec1a90f3fde2ffaa76efcd2c050191e6b55a1761e4e352590bd8c",
   "id": "id:kJU6-a-pT48AAAAAAABJpA",
   "is_downloadable": true,
   "name": "url_doc (4).docx",
   "path_display": "/New/url_doc (4).docx",
   "path_lower": "/new/url_doc (4).docx",
   "property_groups": [],
   "rev": "659db98f61ebbbd841553",
   "server_modified": "2026-08-25T09:19:19Z",
   "size": 24069
  },
  {
   ".tag": "file",
   "client_modified": "***",
   "content_hash": "8d63c5989ceec1a90f3fde2ffaa76efcd2c050191e6b55a1761e4e352590bd8c",
   "id": "id:kJU6-a-pT48AAAAAAABSFA",
   "is_downloadable": true,
   "name": "url_doc (5).docx",
   "path_display": "/New/url_doc (5).docx",
   "path_lower": "/new/url_doc (5).docx",
   "property_groups": [],
   "rev": "659db98f61ebcbd841553",
   "server_modified": "2026-08-25T09:19:19Z",
   "size": 24069
  },
  {
   ".tag": "file",
   "client_modified": "***",
   "content_hash": "8d63c5989ceec1a90f3fde2ffaa76efcd2c050191e6b55a1761e4e352590bd8c",
   "id": "id:kJU6-a-pT48AAAAAAABSTA",
   "is_downloadable": true,
   "name": "url_doc (6).docx",
   "path_display": "/New/url_doc (6).docx",
   "path_lower": "/new/url_doc (6).docx",
   "property_groups": [],
   "rev": "659db98f61ebdbd841553",
   "server_modified": "2026-08-25T09:19:19Z",
   "size": 24069
  },
  {
   ".tag": "file",
   "client_modified": "***",
   "content_hash": "8d63c5989ceec1a90f3fde2ffaa76efcd2c050191e6b55a1761e4e352590bd8c",
   "id": "id:kJU6-a-pT48AAAAAAABSaA",
   "is_downloadable": true,
   "name": "url_doc (7).docx",
   "path_display": "/New/url_doc (7).docx",
   "path_lower": "/new/url_doc (7).docx",
   "property_groups": [],
   "rev": "659db98f61ebebd841553",
   "server_modified": "2026-08-25T09:19:19Z",
   "size": 24069
  },
  {
   ".tag": "file",
   "client_modified": "***",
   "content_hash": "8d63c5989ceec1a90f3fde2ffaa76efcd2c050191e6b55a1761e4e352590bd8c",
   "id": "id:kJU6-a-pT48AAAAAAABShA",
   "is_downloadable": true,
   "name": "url_doc (8).docx",
   "path_display": "/New/url_doc (8).docx",
   "path_lower": "/new/url_doc (8).docx",
   "property_groups": [],
   "rev": "659db98f61ebfbd841553",
   "server_modified": "2026-08-25T09:19:19Z",
   "size": 24069
  },
  {
   ".tag": "file",
   "client_modified": "***",
   "content_hash": "8d63c5989ceec1a90f3fde2ffaa76efcd2c050191e6b55a1761e4e352590bd8c",
   "id": "id:kJU6-a-pT48AAAAAAABUqg",
   "is_downloadable": true,
   "name": "url_doc (9).docx",
   "path_display": "/New/url_doc (9).docx",
   "path_lower": "/new/url_doc (9).docx",
   "property_groups": [],
   "rev": "659db98f61ec0bd841553",
   "server_modified": "2026-08-25T09:19:19Z",
   "size": 24069
  },
  {
   ".tag": "file",
   "client_modified": "***",
   "content_hash": "8d63c5989ceec1a90f3fde2ffaa76efcd2c050191e6b55a1761e4e352590bd8c",
   "id": "id:kJU6-a-pT48AAAAAAABpLw",
   "is_downloadable": true,
   "name": "url_doc (10).docx",
   "path_display": "/New/url_doc (10).docx",
   "path_lower": "/new/url_doc (10).docx",
   "property_groups": [],
   "rev": "659db98f61ec1bd841553",
   "server_modified": "2026-08-25T09:19:19Z",
   "size": 24069
  },
  {
   ".tag": "file",
   "client_modified": "***",
   "content_hash": "8d63c5989ceec1a90f3fde2ffaa76efcd2c050191e6b55a1761e4e352590bd8c",
   "id": "id:kJU6-a-pT48AAAAAAAB4Jw",
   "is_downloadable": true,
   "name": "url_doc (11).docx",
   "path_display": "/New/url_doc (11).docx",
   "path_lower": "/new/url_doc (11).docx",
   "property_groups": [],
   "rev": "659db98f61ec2bd841553",
   "server_modified": "2026-08-25T09:19:19Z",
   "size": 24069
  },
  {
   ".tag": "file",
   "client_modified": "***",
   "content_hash": "8d63c5989ceec1a90f3fde2ffaa76efcd2c050191e6b55a1761e4e352590bd8c",
   "id": "id:kJU6-a-pT48AAAAAAAAABw",
   "is_downloadable": true,
   "name": "mydoc.docx",
   "path_display": "/New/mydoc.docx",
   "path_lower": "/new/mydoc.docx",
   "property_groups": [],
   "rev": "659db98f61ec3bd841553",
   "server_modified": "2026-08-25T09:19:19Z",
   "size": 24069
  }
 ],
 "has_more": false
}
