{
 "data": [
  {
   "bigint_field": 20000000000,
   "bit_field": 1,
   "date_field": "2026-08-25",
   "datetime_field": "2026-08-25T10:47:57",
   "dto_field": "2026-08-25T03:47:57+03:00",
   "float24_field": 10.1234569549561,
   "float53_field": 10.1234567891235,
   "int_field": 200000,
   "numeric_field": 5.333,
   "nvarchar_field": "Some text",
   "smallint_field": 2000,
   "time_field": "10:47:57",
   "tinyint_field": 5,
   "uid_field": "c320d9c8-66a8-4f2e-9020-d7bfde3e0e2d",
   "varbinary_field": "<Двоичные данные>",
   "xml_field": "<root><element><name>Пример</name><value>123</value></element><element><name>Тест</name><value>456</value></element></root>"
  }
 ],
 "result": true
}
