[
 {
  "kind": "drive#file",
  "fileExtension": "sqlite",
  "copyRequiresWriterPermission": false,
  "md5Checksum": "daf9dea55e0265d9291716a28c7ca337",
  "writersCanShare": true,
  "viewedByMe": true,
  "mimeType": "application/octet-stream",
  "parents": [
   "0AN2vrbrhqfJrUk9PVA"
  ],
  "iconLink": "https://drive-thirdparty.googleusercontent.com/16/type/application/octet-stream",
  "shared": false,
  "lastModifyingUser": {
   "displayName": "Антон Титовец",
   "kind": "drive#user",
   "me": true,
   "permissionId": "07468399490707249352",
   "emailAddress": "bayselonarrend@gmail.com",
   "photoLink": "https://lh3.googleusercontent.com/a/ACg8ocKYttNv2CZ-cTTuE90Zmht_PwnGc0YnjM1IUllXsTVORfZFVPU=s64"
  },
  "owners": [
   {
    "displayName": "Антон Титовец",
    "kind": "drive#user",
    "me": true,
    "permissionId": "07468399490707249352",
    "emailAddress": "bayselonarrend@gmail.com",
    "photoLink": "https://lh3.googleusercontent.com/a/ACg8ocKYttNv2CZ-cTTuE90Zmht_PwnGc0YnjM1IUllXsTVORfZFVPU=s64"
   }
  ],
  "headRevisionId": "0B92vrbrhqfJrTmVTQWw2Nml4WnNvbkQybGVOOFEzVUd2QkFRPQ",
  "webViewLink": "https://drive.google.com/file/d/1X-gPtS0ONJ2OdDqUGXvFK4tYIeAnYHaW/view?usp=drivesdk",
  "webContentLink": "https://drive.google.com/uc?id=1X-gPtS0ONJ2OdDqUGXvFK4tYIeAnYHaW&export=download",
  "size": "53248",
  "viewersCanCopyContent": true,
  "permissions": [
   {
    "id": "07468399490707249352",
    "displayName": "Антон Титовец",
    "type": "user",
    "kind": "drive#permission",
    "photoLink": "https://lh3.googleusercontent.com/a/ACg8ocKYttNv2CZ-cTTuE90Zmht_PwnGc0YnjM1IUllXsTVORfZFVPU=s64",
    "emailAddress": "bayselonarrend@gmail.com",
    "role": "owner",
    "deleted": false,
    "pendingOwner": false
   }
  ],
  "hasThumbnail": false,
  "spaces": [
   "drive"
  ],
  "id": "1X-gPtS0ONJ2OdDqUGXvFK4tYIeAnYHaW",
  "name": "data.sqlite",
  "starred": false,
  "trashed": false,
  "explicitlyTrashed": false,
  "createdTime": "2026-06-14T16:29:56.543Z",
  "modifiedTime": "2026-08-26T08:39:25.271Z",
  "modifiedByMeTime": "2026-08-26T08:39:25.271Z",
  "viewedByMeTime": "2026-08-26T08:39:25.271Z",
  "quotaBytesUsed": "53248",
  "version": "492",
  "originalFilename": "***",
  "ownedByMe": true,
  "fullFileExtension": "sqlite",
  "isAppAuthorized": false,
  "capabilities": {
   "canChangeViewersCanCopyContent": true,
   "canEdit": true,
   "canCopy": true,
   "canComment": true,
   "canAddChildren": false,
   "canDelete": true,
   "canDownload": true,
   "canListChildren": false,
   "canRemoveChildren": false,
   "canRename": true,
   "canTrash": true,
   "canReadRevisions": true,
   "canChangeCopyRequiresWriterPermission": true,
   "canMoveItemIntoTeamDrive": true,
   "canUntrash": true,
   "canModifyContent": true,
   "canMoveItemOutOfDrive": true,
   "canAddMyDriveParent": false,
   "canRemoveMyDriveParent": true,
   "canMoveItemWithinDrive": true,
   "canShare": true,
   "canMoveChildrenWithinDrive": false,
   "canModifyContentRestriction": true,
   "canChangeSecurityUpdateEnabled": false,
   "canAcceptOwnership": false,
   "canReadLabels": false,
   "canModifyLabels": false,
   "canModifyEditorContentRestriction": true,
   "canModifyOwnerContentRestriction": true,
   "canRemoveContentRestriction": false,
   "canDisableInheritedPermissions": false,
   "canEnableInheritedPermissions": true,
   "canChangeItemDownloadRestriction": true,
   "canStartApproval": false,
   "canAccessViaGenAi": true
  },
  "thumbnailVersion": "0",
  "modifiedByMe": true,
  "permissionIds": [
   "07468399490707249352"
  ],
  "linkShareMetadata": {
   "securityUpdateEligible": false,
   "securityUpdateEnabled": true
  },
  "sha1Checksum": "849680c5898c98544b66cf7230a4153e35b27acb",
  "sha256Checksum": "8a63051920ad7b4f47b52cf2764b1bc9e5a966b82fdfa823e25dc03a518c94be",
  "inheritedPermissionsDisabled": false,
  "downloadRestrictions": {
   "itemDownloadRestriction": {
    "restrictedForReaders": false,
    "restrictedForWriters": false
   },
   "effectiveDownloadRestrictionWithContext": {
    "restrictedForReaders": false,
    "restrictedForWriters": false
   }
  },
  "clientEncryptionDetails": {
   "decryptionMetadata": {
    "wrappedKey": "***",
    "kaclsId": "0",
    "aes256GcmChunkSize": "unset",
    "keyFormat": "***",
    "encryptionResourceKeyHash": "***"
   }
  }
 },
 {
  "kind": "drive#file",
  "fileExtension": "sqlite-journal",
  "copyRequiresWriterPermission": false,
  "md5Checksum": "99a88fa93400c61fdde1ad91ee1f4c49",
  "writersCanShare": true,
  "viewedByMe": true,
  "mimeType": "application/octet-stream",
  "parents": [
   "0AN2vrbrhqfJrUk9PVA"
  ],
  "iconLink": "https://drive-thirdparty.googleusercontent.com/16/type/application/octet-stream",
  "shared": false,
  "lastModifyingUser": {
   "displayName": "Антон Титовец",
   "kind": "drive#user",
   "me": true,
   "permissionId": "07468399490707249352",
   "emailAddress": "bayselonarrend@gmail.com",
   "photoLink": "https://lh3.googleusercontent.com/a/ACg8ocKYttNv2CZ-cTTuE90Zmht_PwnGc0YnjM1IUllXsTVORfZFVPU=s64"
  },
  "owners": [
   {
    "displayName": "Антон Титовец",
    "kind": "drive#user",
    "me": true,
    "permissionId": "07468399490707249352",
    "emailAddress": "bayselonarrend@gmail.com",
    "photoLink": "https://lh3.googleusercontent.com/a/ACg8ocKYttNv2CZ-cTTuE90Zmht_PwnGc0YnjM1IUllXsTVORfZFVPU=s64"
   }
  ],
  "headRevisionId": "0B92vrbrhqfJrN3JzVEU3d1lhNUlIWEhIM1Vkb25rWGhJenU4PQ",
  "webViewLink": "https://drive.google.com/file/d/1X0Dui5pclnFGnwajN4ZUBV_p2djpSNhw/view?usp=drivesdk",
  "webContentLink": "https://drive.google.com/uc?id=1X0Dui5pclnFGnwajN4ZUBV_p2djpSNhw&export=download",
  "size": "12824",
  "viewersCanCopyContent": true,
  "permissions": [
   {
    "id": "07468399490707249352",
    "displayName": "Антон Титовец",
    "type": "user",
    "kind": "drive#permission",
    "photoLink": "https://lh3.googleusercontent.com/a/ACg8ocKYttNv2CZ-cTTuE90Zmht_PwnGc0YnjM1IUllXsTVORfZFVPU=s64",
    "emailAddress": "bayselonarrend@gmail.com",
    "role": "owner",
    "deleted": false,
    "pendingOwner": false
   }
  ],
  "hasThumbnail": false,
  "spaces": [
   "drive"
  ],
  "id": "1X0Dui5pclnFGnwajN4ZUBV_p2djpSNhw",
  "name": "data.sqlite-journal",
  "starred": false,
  "trashed": true,
  "explicitlyTrashed": true,
  "createdTime": "2026-06-16T15:59:14.305Z",
  "modifiedTime": "2026-06-16T15:59:14.305Z",
  "modifiedByMeTime": "2026-06-16T15:59:14.305Z",
  "viewedByMeTime": "2026-06-16T15:59:14.305Z",
  "quotaBytesUsed": "12824",
  "version": "3",
  "originalFilename": "***",
  "ownedByMe": true,
  "fullFileExtension": "sqlite-journal",
  "isAppAuthorized": false,
  "capabilities": {
   "canChangeViewersCanCopyContent": true,
   "canEdit": true,
   "canCopy": true,
   "canComment": true,
   "canAddChildren": false,
   "canDelete": true,
   "canDownload": true,
   "canListChildren": false,
   "canRemoveChildren": false,
   "canRename": true,
   "canTrash": true,
   "canReadRevisions": true,
   "canChangeCopyRequiresWriterPermission": true,
   "canMoveItemIntoTeamDrive": false,
   "canUntrash": true,
   "canModifyContent": true,
   "canMoveItemOutOfDrive": false,
   "canAddMyDriveParent": false,
   "canRemoveMyDriveParent": true,
   "canMoveItemWithinDrive": true,
   "canShare": true,
   "canMoveChildrenWithinDrive": false,
   "canModifyContentRestriction": true,
   "canChangeSecurityUpdateEnabled": false,
   "canAcceptOwnership": false,
   "canReadLabels": false,
   "canModifyLabels": false,
   "canModifyEditorContentRestriction": true,
   "canModifyOwnerContentRestriction": true,
   "canRemoveContentRestriction": false,
   "canDisableInheritedPermissions": false,
   "canEnableInheritedPermissions": true,
   "canChangeItemDownloadRestriction": true,
   "canStartApproval": false,
   "canAccessViaGenAi": false
  },
  "thumbnailVersion": "0",
  "modifiedByMe": true,
  "permissionIds": [
   "07468399490707249352"
  ],
  "linkShareMetadata": {
   "securityUpdateEligible": false,
   "securityUpdateEnabled": true
  },
  "sha1Checksum": "115b4e5c1e4bb70b9970cb5b282b0564236d0ce3",
  "sha256Checksum": "ead32954307303df78761c97739fb8ba2e7b41fb32769155ac13c9729f3c30e8",
  "inheritedPermissionsDisabled": false,
  "downloadRestrictions": {
   "itemDownloadRestriction": {
    "restrictedForReaders": false,
    "restrictedForWriters": false
   },
   "effectiveDownloadRestrictionWithContext": {
    "restrictedForReaders": false,
    "restrictedForWriters": false
   }
  },
  "clientEncryptionDetails": {
   "decryptionMetadata": {
    "wrappedKey": "***",
    "kaclsId": "0",
    "aes256GcmChunkSize": "unset",
    "keyFormat": "***",
    "encryptionResourceKeyHash": "***"
   }
  }
 },
 {
  "kind": "drive#file",
  "fileExtension": "json",
  "copyRequiresWriterPermission": false,
  "md5Checksum": "425537776d67821cd1c1d26dce51265e",
  "writersCanShare": true,
  "viewedByMe": true,
  "mimeType": "application/json",
  "parents": [
   "0AN2vrbrhqfJrUk9PVA"
  ],
  "iconLink": "https://drive-thirdparty.googleusercontent.com/16/type/application/json",
  "shared": false,
  "lastModifyingUser": {
   "displayName": "Антон Титовец",
   "kind": "drive#user",
   "me": true,
   "permissionId": "07468399490707249352",
   "emailAddress": "bayselonarrend@gmail.com",
   "photoLink": "https://lh3.googleusercontent.com/a/ACg8ocKYttNv2CZ-cTTuE90Zmht_PwnGc0YnjM1IUllXsTVORfZFVPU=s64"
  },
  "owners": [
   {
    "displayName": "Антон Титовец",
    "kind": "drive#user",
    "me": true,
    "permissionId": "07468399490707249352",
    "emailAddress": "bayselonarrend@gmail.com",
    "photoLink": "https://lh3.googleusercontent.com/a/ACg8ocKYttNv2CZ-cTTuE90Zmht_PwnGc0YnjM1IUllXsTVORfZFVPU=s64"
   }
  ],
  "headRevisionId": "0B92vrbrhqfJrd1IxYTRTWkZTRW1XcXFUMU1qek5hQUtDTHNvPQ",
  "webViewLink": "https://drive.google.com/file/d/1NKMmj4SJh3WUw74nhLuMofW7dfpUR520/view?usp=drivesdk",
  "webContentLink": "https://drive.google.com/uc?id=1NKMmj4SJh3WUw74nhLuMofW7dfpUR520&export=download",
  "size": "23714",
  "viewersCanCopyContent": true,
  "permissions": [
   {
    "id": "07468399490707249352",
    "displayName": "Антон Титовец",
    "type": "user",
    "kind": "drive#permission",
    "photoLink": "https://lh3.googleusercontent.com/a/ACg8ocKYttNv2CZ-cTTuE90Zmht_PwnGc0YnjM1IUllXsTVORfZFVPU=s64",
    "emailAddress": "bayselonarrend@gmail.com",
    "role": "owner",
    "deleted": false,
    "pendingOwner": false
   }
  ],
  "hasThumbnail": false,
  "spaces": [
   "drive"
  ],
  "id": "1NKMmj4SJh3WUw74nhLuMofW7dfpUR520",
  "name": "data.json",
  "starred": false,
  "trashed": false,
  "explicitlyTrashed": false,
  "createdTime": "2024-02-29T19:22:49.616Z",
  "modifiedTime": "2026-06-14T13:39:12.704Z",
  "modifiedByMeTime": "2026-06-14T13:39:12.704Z",
  "viewedByMeTime": "2026-06-14T13:39:12.704Z",
  "quotaBytesUsed": "23714",
  "version": "28252",
  "originalFilename": "***",
  "ownedByMe": true,
  "fullFileExtension": "json",
  "isAppAuthorized": false,
  "capabilities": {
   "canChangeViewersCanCopyContent": true,
   "canEdit": true,
   "canCopy": true,
   "canComment": true,
   "canAddChildren": false,
   "canDelete": true,
   "canDownload": true,
   "canListChildren": false,
   "canRemoveChildren": false,
   "canRename": true,
   "canTrash": true,
   "canReadRevisions": true,
   "canChangeCopyRequiresWriterPermission": true,
   "canMoveItemIntoTeamDrive": true,
   "canUntrash": true,
   "canModifyContent": true,
   "canMoveItemOutOfDrive": true,
   "canAddMyDriveParent": false,
   "canRemoveMyDriveParent": true,
   "canMoveItemWithinDrive": true,
   "canShare": true,
   "canMoveChildrenWithinDrive": false,
   "canModifyContentRestriction": true,
   "canChangeSecurityUpdateEnabled": false,
   "canAcceptOwnership": false,
   "canReadLabels": false,
   "canModifyLabels": false,
   "canModifyEditorContentRestriction": true,
   "canModifyOwnerContentRestriction": true,
   "canRemoveContentRestriction": false,
   "canDisableInheritedPermissions": false,
   "canEnableInheritedPermissions": true,
   "canChangeItemDownloadRestriction": true,
   "canStartApproval": false,
   "canAccessViaGenAi": true
  },
  "thumbnailVersion": "0",
  "modifiedByMe": true,
  "permissionIds": [
   "07468399490707249352"
  ],
  "linkShareMetadata": {
   "securityUpdateEligible": false,
   "securityUpdateEnabled": true
  },
  "sha1Checksum": "f64d0d3fb23d3f369736f1d165b55338b43e89e0",
  "sha256Checksum": "3b069c78ac7e0bb213c1edad95534d7d1a7837d738a34277abc7ee44b4a1571c",
  "inheritedPermissionsDisabled": false,
  "downloadRestrictions": {
   "itemDownloadRestriction": {
    "restrictedForReaders": false,
    "restrictedForWriters": false
   },
   "effectiveDownloadRestrictionWithContext": {
    "restrictedForReaders": false,
    "restrictedForWriters": false
   }
  },
  "clientEncryptionDetails": {
   "decryptionMetadata": {
    "wrappedKey": "***",
    "kaclsId": "0",
    "aes256GcmChunkSize": "unset",
    "keyFormat": "***",
    "encryptionResourceKeyHash": "***"
   }
  }
 }
]
